ARM Linker, 5.03 [Build 76] [MDK-ARM Standard]

==============================================================================

Section Cross References

    main.o(.text) refers to epd.o(.text) for epd_clear()
    main.o(.text) refers to wait_api.o(i.wait_ms) for wait_ms
    main.o(.text) refers to assert.o(i.mbed_assert_internal) for mbed_assert_internal
    main.o(.text) refers to memseta.o(.text) for __aeabi_memclr4
    main.o(.text) refers to gpio.o(i.gpio_init_out) for gpio_init_out
    main.o(.text) refers to analogin_api.o(i.analogin_init) for analogin_init
    main.o(.text) refers to main.o(.bss) for led1
    main.o(.text) refers to main.o(.constdata) for .constdata
    main.o(.text) refers to main.o(.data) for analog_value
    main.o(.ARM.exidx) refers to main.o(.text) for .text
    main.o(.init_array) refers to main.o(.text) for __sti___8_main_cpp
    main.o(.init_array) refers to cpp_init.o(.text) for __cpp_initialize__aeabi_
    epd.o(.text) refers to Stream.o(i._ZN4mbed6Stream4putcEi) for mbed::Stream::putc(int)
    epd.o(.text) refers to SerialBase.o(i._ZN4mbed10SerialBase4baudEi) for mbed::SerialBase::baud(int)
    epd.o(.text) refers to epd.o(i._ZN4mbed10DigitalOutaSEi) for mbed::DigitalOut::operator =(int)
    epd.o(.text) refers to wait_api.o(i.wait_us) for wait_us
    epd.o(.text) refers to wait_api.o(i.wait) for wait
    epd.o(.text) refers to wait_api.o(i.wait_ms) for wait_ms
    epd.o(.text) refers to epd.o(.bss) for uart
    epd.o(.text) refers to epd.o(.constdata) for _cmd_handshake
    epd.o(.text) refers to strlen.o(.text) for strlen
    epd.o(.text) refers to strcpy.o(.text) for strcpy
    epd.o(.text) refers to epd.o(i._ZN4mbed10DigitalOutC1E7PinName) for mbed::DigitalOut::DigitalOut(PinName)
    epd.o(.text) refers to Serial.o(i._ZN4mbed6SerialC1E7PinNameS1_PKc) for mbed::Serial::Serial(PinName, PinName, const char*)
    epd.o(.text) refers to aeabi_atexit.o(i.__aeabi_atexit) for __aeabi_atexit
    epd.o(.text) refers to assert.o(i.mbed_assert_internal) for mbed_assert_internal
    epd.o(.text) refers to Serial.o(i._ZN4mbed6SerialD1Ev) for mbed::Serial::~Serial()
    epd.o(.ARM.exidx) refers to epd.o(.text) for .text
    epd.o(.init_array) refers to epd.o(.text) for __sti___7_epd_cpp
    epd.o(.init_array) refers to cpp_init.o(.text) for __cpp_initialize__aeabi_
    stm32f10x_rcc.o(i.RCC_GetClocksFreq) refers to stm32f10x_rcc.o(.data) for .data
    retarget.o(.rev16_text) refers (Special) to entry6b.o(.ARM.Collect$$$$00000006) for __use_full_stdio
    retarget.o(.revsh_text) refers (Special) to entry6b.o(.ARM.Collect$$$$00000006) for __use_full_stdio
    retarget.o(i.$Sub$$main) refers (Special) to entry6b.o(.ARM.Collect$$$$00000006) for __use_full_stdio
    retarget.o(i.$Sub$$main) refers to mbed_overrides.o(i.mbed_sdk_init) for mbed_sdk_init
    retarget.o(i.$Sub$$main) refers to retarget.o(i.mbed_main) for mbed_main
    retarget.o(i.$Sub$$main) refers to main.o(.text) for $Super$$main
    retarget.o(i._ZN4mbed10FileHandleD0Ev) refers (Special) to entry6b.o(.ARM.Collect$$$$00000006) for __use_full_stdio
    retarget.o(i._ZN4mbed10FileHandleD0Ev) refers to delete.o(i._ZdlPv) for operator delete (void*)
    retarget.o(i._ZN4mbed10FileHandleD0Ev) refers to retarget.o(.constdata__ZTVN4mbed10FileHandleE) for vtable for mbed::FileHandle
    retarget.o(i._ZN4mbed10FileHandleD0Ev) refers to retarget.o(.bss) for .bss
    retarget.o(i._ZN4mbed10FileHandleD2Ev) refers (Special) to entry6b.o(.ARM.Collect$$$$00000006) for __use_full_stdio
    retarget.o(i._ZN4mbed10FileHandleD2Ev) refers to retarget.o(.constdata__ZTVN4mbed10FileHandleE) for vtable for mbed::FileHandle
    retarget.o(i._ZN4mbed10FileHandleD2Ev) refers to retarget.o(.bss) for .bss
    retarget.o(i._sys_close) refers (Special) to entry6b.o(.ARM.Collect$$$$00000006) for __use_full_stdio
    retarget.o(i._sys_close) refers to retarget.o(.bss) for .bss
    retarget.o(i._sys_command_string) refers (Special) to entry6b.o(.ARM.Collect$$$$00000006) for __use_full_stdio
    retarget.o(i._sys_ensure) refers (Special) to entry6b.o(.ARM.Collect$$$$00000006) for __use_full_stdio
    retarget.o(i._sys_ensure) refers to retarget.o(.bss) for .bss
    retarget.o(i._sys_flen) refers (Special) to entry6b.o(.ARM.Collect$$$$00000006) for __use_full_stdio
    retarget.o(i._sys_flen) refers to retarget.o(.bss) for .bss
    retarget.o(i._sys_istty) refers (Special) to entry6b.o(.ARM.Collect$$$$00000006) for __use_full_stdio
    retarget.o(i._sys_istty) refers to retarget.o(.bss) for .bss
    retarget.o(i._sys_open) refers (Special) to entry6b.o(.ARM.Collect$$$$00000006) for __use_full_stdio
    retarget.o(i._sys_open) refers to _scanf_int.o(.text) for _scanf_int
    retarget.o(i._sys_open) refers to strcmp.o(.text) for strcmp
    retarget.o(i._sys_open) refers to FilePath.o(i._ZN4mbed8FilePathC1EPKc) for mbed::FilePath::FilePath(const char*)
[...]
    C:\work\mbed\github-new\libraries\mbed\targets\cmsis\TARGET_STM\TARGET_NUCLEO_F103RB\stm32f10x_tim.c 0x00000000   Number         0  stm32f10x_tim.o ABSOLUTE
    C:\work\mbed\github-new\libraries\mbed\targets\cmsis\TARGET_STM\TARGET_NUCLEO_F103RB\stm32f10x_usart.c 0x00000000   Number         0  stm32f10x_usart.o ABSOLUTE
    C:\work\mbed\github-new\libraries\mbed\targets\cmsis\TARGET_STM\TARGET_NUCLEO_F103RB\stm32f10x_wwdg.c 0x00000000   Number         0  stm32f10x_wwdg.o ABSOLUTE
    C:\work\mbed\github-new\libraries\mbed\targets\cmsis\TARGET_STM\TARGET_NUCLEO_F103RB\system_stm32f10x.c 0x00000000   Number         0  system_stm32f10x.o ABSOLUTE
    C:\work\mbed\github-new\libraries\mbed\targets\hal\TARGET_STM\TARGET_NUCLEO_F103RB\analogin_api.c 0x00000000   Number         0  analogin_api.o ABSOLUTE
    C:\work\mbed\github-new\libraries\mbed\targets\hal\TARGET_STM\TARGET_NUCLEO_F103RB\gpio_api.c 0x00000000   Number         0  gpio_api.o ABSOLUTE
    C:\work\mbed\github-new\libraries\mbed\targets\hal\TARGET_STM\TARGET_NUCLEO_F103RB\mbed_overrides.c 0x00000000   Number         0  mbed_overrides.o ABSOLUTE
    C:\work\mbed\github-new\libraries\mbed\targets\hal\TARGET_STM\TARGET_NUCLEO_F103RB\pinmap.c 0x00000000   Number         0  pinmap.o ABSOLUTE
    C:\work\mbed\github-new\libraries\mbed\targets\hal\TARGET_STM\TARGET_NUCLEO_F103RB\serial_api.c 0x00000000   Number         0  serial_api.o ABSOLUTE
    C:\work\mbed\github-new\libraries\mbed\targets\hal\TARGET_STM\TARGET_NUCLEO_F103RB\us_ticker.c 0x00000000   Number         0  us_ticker.o ABSOLUTE
    cdrcmple.s                               0x00000000   Number         0  cdrcmple.o ABSOLUTE
    dc.s                                     0x00000000   Number         0  dc.o ABSOLUTE
    handlers.s                               0x00000000   Number         0  handlers.o ABSOLUTE
    init.s                                   0x00000000   Number         0  init.o ABSOLUTE
    src\\epd.cpp                             0x00000000   Number         0  epd.o ABSOLUTE
    src\\main.cpp                            0x00000000   Number         0  main.o ABSOLUTE
    src\epd.cpp                              0x00000000   Number         0  epd.o ABSOLUTE
    src\main.cpp                             0x00000000   Number         0  main.o ABSOLUTE
    RESET                                    0x08000000   Section      236  startup_stm32f10x_md.o(RESET)
    .ARM.Collect$$$$00000000                 0x080000ec   Section        0  entry.o(.ARM.Collect$$$$00000000)
    .ARM.Collect$$$$00000001                 0x080000ec   Section        4  entry2.o(.ARM.Collect$$$$00000001)
    .ARM.Collect$$$$00000004                 0x080000f0   Section        4  entry5.o(.ARM.Collect$$$$00000004)
    .ARM.Collect$$$$00000006                 0x080000f4   Section        4  entry6b.o(.ARM.Collect$$$$00000006)
    .ARM.Collect$$$$00000008                 0x080000f8   Section        0  entry7b.o(.ARM.Collect$$$$00000008)
    .ARM.Collect$$$$00000009                 0x080000f8   Section        4  entry8a.o(.ARM.Collect$$$$00000009)
    .ARM.Collect$$$$0000000A                 0x080000fc   Section        0  entry8b.o(.ARM.Collect$$$$0000000A)
    .ARM.Collect$$$$0000000B                 0x080000fc   Section        8  entry9a.o(.ARM.Collect$$$$0000000B)
    .ARM.Collect$$$$0000000D                 0x08000104   Section        0  entry10a.o(.ARM.Collect$$$$0000000D)
    .ARM.Collect$$$$0000000F                 0x08000104   Section        0  entry11a.o(.ARM.Collect$$$$0000000F)
    .ARM.Collect$$$$00002712                 0x08000104   Section        4  entry2.o(.ARM.Collect$$$$00002712)
    __lit__00000000                          0x08000104   Data           4  entry2.o(.ARM.Collect$$$$00002712)
    .text                                    0x08000108   Section        0  main.o(.text)
    __sti___8_main_cpp                       0x08000413   Thumb Code    40  main.o(.text)
    gpio_write(gpio_t*, int)                 0x0800043b   Thumb Code    46  main.o(.text)
    .text                                    0x0800054c   Section        0  epd.o(.text)
    _putchars(const unsigned char*, int)     0x0800054d   Thumb Code    26  epd.o(.text)
    _verify(const void*, int)                0x08000567   Thumb Code    26  epd.o(.text)
    __sti___7_epd_cpp                        0x08000c61   Thumb Code    42  epd.o(.text)
    gpio_write(gpio_t*, int)                 0x08000c8b   Thumb Code    46  epd.o(.text)
    .text                                    0x08000cec   Section       36  startup_stm32f10x_md.o(.text)
    .text                                    0x08000d10   Section        0  initio_oe.o(.text)
    .text                                    0x08000d30   Section        0  fputc_fp.o(.text)
    .text                                    0x08000d58   Section        0  fflush_fe.o(.text)
    .text                                    0x08000d7e   Section        0  memmovea.o(.text)
    .text                                    0x08000dbe   Section        0  memseta.o(.text)
    .text                                    0x08000de2   Section        0  strlen.o(.text)
    .text                                    0x08000df0   Section        0  strcmp.o(.text)
    .text                                    0x08000e0c   Section        0  strcpy.o(.text)
    .text                                    0x08000e1e   Section        0  strncmp.o(.text)
    .text                                    0x08000e3c   Section        0  __0sscanf.o(.text)
    .text                                    0x08000e74   Section        0  _scanf_int.o(.text)
    .text                                    0x08000fc4   Section        0  cpp_init.o(.text)
    .text                                    0x08000fe4   Section        0  fmul.o(.text)
    .text                                    0x08001050   Section        0  ffixi.o(.text)
    .text                                    0x08001082   Section        0  uidiv.o(.text)
    .text                                    0x080010ae   Section        0  uldiv.o(.text)
    .text                                    0x08001110   Section        0  _chval.o(.text)
    .text                                    0x0800112c   Section        0  scanf_char.o(.text)
    _scanf_char_input                        0x0800112d   Thumb Code    12  scanf_char.o(.text)
    .text                                    0x08001154   Section        0  _sgetc.o(.text)
    .text                                    0x08001194   Section        0  iusefp.o(.text)
    .text                                    0x08001194   Section        0  cpp_dtor.o(.text)
    .text                                    0x0800119c   Section        0  cpp_final.o(.text)
    .text                                    0x0800119e   Section        0  cpp_signal.o(.text)
    .text                                    0x080011a0   Section        0  dadd.o(.text)
    .text                                    0x080012ee   Section        0  dmul.o(.text)
    .text                                    0x080013d2   Section        0  ddiv.o(.text)
    .text                                    0x080014b0   Section        0  dfixul.o(.text)
    .text                                    0x080014e0   Section       40  cdrcmple.o(.text)
    .text                                    0x08001508   Section       36  init.o(.text)
    .text                                    0x0800152c   Section        0  llshl.o(.text)
    .text                                    0x0800154a   Section        0  llushr.o(.text)
    .text                                    0x0800156a   Section        0  llsshr.o(.text)
    .text                                    0x0800158e   Section        0  isspace_c.o(.text)
    .text                                    0x08001598   Section        0  _scanf.o(.text)
    .text                                    0x080018c4   Section        0  depilogue.o(.text)
    .text                                    0x08001984   Section        0  ctype_c.o(.text)
    i.$Sub$$main                             0x080019ac   Section        0  retarget.o(i.$Sub$$main)
    i.<Func1>                                0x080019be   Section        0  SerialBase.o(i.<Func1>)
    <Func1>                                  0x080019bf   Thumb Code     6  SerialBase.o(i.<Func1>)
    i.ADC_Cmd                                0x080019c4   Section        0  stm32f10x_adc.o(i.ADC_Cmd)
    i.ADC_GetCalibrationStatus               0x080019d6   Section        0  stm32f10x_adc.o(i.ADC_GetCalibrationStatus)
    i.ADC_GetResetCalibrationStatus          0x080019e6   Section        0  stm32f10x_adc.o(i.ADC_GetResetCalibrationStatus)
    i.ADC_Init                               0x080019f8   Section        0  stm32f10x_adc.o(i.ADC_Init)
    i.ADC_ResetCalibration                   0x08001a44   Section        0  stm32f10x_adc.o(i.ADC_ResetCalibration)
    i.ADC_StartCalibration                   0x08001a4e   Section        0  stm32f10x_adc.o(i.ADC_StartCalibration)
    i.GPIO_Init                              0x08001a58   Section        0  stm32f10x_gpio.o(i.GPIO_Init)
    i.GPIO_PinRemapConfig                    0x08001b04   Section        0  stm32f10x_gpio.o(i.GPIO_PinRemapConfig)
    i.NVIC_SetVector                         0x08001b70   Section        0  cmsis_nvic.o(i.NVIC_SetVector)
    i.RCC_ADCCLKConfig                       0x08001bdc   Section        0  stm32f10x_rcc.o(i.RCC_ADCCLKConfig)
    i.RCC_APB1PeriphClockCmd                 0x08001bf0   Section        0  stm32f10x_rcc.o(i.RCC_APB1PeriphClockCmd)
    i.RCC_APB2PeriphClockCmd                 0x08001c08   Section        0  stm32f10x_rcc.o(i.RCC_APB2PeriphClockCmd)
    i.RCC_GetClocksFreq                      0x08001c20   Section        0  stm32f10x_rcc.o(i.RCC_GetClocksFreq)
    i.SetSysClock_PLL_HSE                    0x08001ccc   Section        0  system_stm32f10x.o(i.SetSysClock_PLL_HSE)
    i.Set_GPIO_Clock                         0x08001d84   Section        0  pinmap.o(i.Set_GPIO_Clock)
    i.SystemCoreClockUpdate                  0x08001dd8   Section        0  system_stm32f10x.o(i.SystemCoreClockUpdate)
    i.SystemInit                             0x08001e48   Section        0  system_stm32f10x.o(i.SystemInit)
    i.TIM_ClearITPendingBit                  0x08001f0c   Section        0  stm32f10x_tim.o(i.TIM_ClearITPendingBit)
    i.TIM_Cmd                                0x08001f12   Section        0  stm32f10x_tim.o(i.TIM_Cmd)
    i.TIM_GetITStatus                        0x08001f24   Section        0  stm32f10x_tim.o(i.TIM_GetITStatus)
    i.TIM_ITConfig                           0x08001f3a   Section        0  stm32f10x_tim.o(i.TIM_ITConfig)
    i.TIM_SetCompare1                        0x08001f4a   Section        0  stm32f10x_tim.o(i.TIM_SetCompare1)
    i.TIM_TimeBaseInit                       0x08001f50   Section        0  stm32f10x_tim.o(i.TIM_TimeBaseInit)
    i.TIM_TimeBaseStructInit                 0x08001fec   Section        0  stm32f10x_tim.o(i.TIM_TimeBaseStructInit)
    i.USART_Cmd                              0x08001ffe   Section        0  stm32f10x_usart.o(i.USART_Cmd)
    i.USART_GetFlagStatus                    0x08002010   Section        0  stm32f10x_usart.o(i.USART_GetFlagStatus)
    i.USART_Init                             0x08002020   Section        0  stm32f10x_usart.o(i.USART_Init)
    i.USART_SendData                         0x080020d4   Section        0  stm32f10x_usart.o(i.USART_SendData)
    i._ZN4mbed10DigitalOutC1E7PinName        0x080020dc   Section        0  epd.o(i._ZN4mbed10DigitalOutC1E7PinName)
    i._ZN4mbed10DigitalOutaSEi               0x080020f6   Section        0  epd.o(i._ZN4mbed10DigitalOutaSEi)
    i._ZN4mbed10FileHandleD2Ev               0x0800210c   Section        0  retarget.o(i._ZN4mbed10FileHandleD2Ev)
    i._ZN4mbed10SerialBase10_base_putcEi     0x0800213c   Section        0  SerialBase.o(i._ZN4mbed10SerialBase10_base_putcEi)
    i._ZN4mbed10SerialBase12_irq_handlerEj9SerialIrq 0x0800214a   Section        0  SerialBase.o(i._ZN4mbed10SerialBase12_irq_handlerEj9SerialIrq)
    i._ZN4mbed10SerialBase4baudEi            0x08002158   Section        0  SerialBase.o(i._ZN4mbed10SerialBase4baudEi)
    i._ZN4mbed10SerialBaseC1E7PinNameS1_     0x08002168   Section        0  SerialBase.o(i._ZN4mbed10SerialBaseC1E7PinNameS1_)
    i._ZN4mbed15FunctionPointer4callEv       0x080021bc   Section        0  FunctionPointer.o(i._ZN4mbed15FunctionPointer4callEv)
    i._ZN4mbed15FunctionPointerC1EPFvvE      0x080021d4   Section        0  FunctionPointer.o(i._ZN4mbed15FunctionPointerC1EPFvvE)
    i._ZN4mbed6SerialC1E7PinNameS1_PKc       0x080021e0   Section        0  Serial.o(i._ZN4mbed6SerialC1E7PinNameS1_PKc)
    i._ZN4mbed6SerialD1Ev                    0x08002204   Section        0  Serial.o(i._ZN4mbed6SerialD1Ev)
    i._ZN4mbed6Stream4putcEi                 0x08002210   Section        0  Stream.o(i._ZN4mbed6Stream4putcEi)
    i._ZN4mbed6Stream5closeEv                0x08002228   Section        0  Stream.o(i._ZN4mbed6Stream5closeEv)
    i._ZN4mbed6Stream5fsyncEv                0x0800222c   Section        0  Stream.o(i._ZN4mbed6Stream5fsyncEv)
    i._ZN4mbed6Stream5lseekEli               0x08002230   Section        0  Stream.o(i._ZN4mbed6Stream5lseekEli)
    i._ZN4mbed6Stream5writeEPKvj             0x08002234   Section        0  Stream.o(i._ZN4mbed6Stream5writeEPKvj)
    i._ZN4mbed6StreamC2EPKc                  0x08002260   Section        0  Stream.o(i._ZN4mbed6StreamC2EPKc)
    i._ZN4mbed6StreamD2Ev                    0x080022a4   Section        0  Stream.o(i._ZN4mbed6StreamD2Ev)
    i._ZN4mbed8FileBase11getPathTypeEv       0x080022c4   Section        0  FileBase.o(i._ZN4mbed8FileBase11getPathTypeEv)
    i._ZN4mbed8FileBase6lookupEPKcj          0x080022c8   Section        0  FileBase.o(i._ZN4mbed8FileBase6lookupEPKcj)
    i._ZN4mbed8FileBaseC1EPKcNS_8PathTypeE   0x08002300   Section        0  FileBase.o(i._ZN4mbed8FileBaseC1EPKcNS_8PathTypeE)
    i._ZN4mbed8FileBaseD1Ev                  0x08002324   Section        0  FileBase.o(i._ZN4mbed8FileBaseD1Ev)
    i._ZN4mbed8FileLikeC2EPKc                0x0800235c   Section        0  FileLike.o(i._ZN4mbed8FileLikeC2EPKc)
    i._ZN4mbed8FileLikeD2Ev                  0x08002380   Section        0  FileLike.o(i._ZN4mbed8FileLikeD2Ev)
    i._ZN4mbed8FilePath10fileSystemEv        0x08002392   Section        0  FilePath.o(i._ZN4mbed8FilePath10fileSystemEv)
    i._ZN4mbed8FilePath4fileEv               0x080023aa   Section        0  FilePath.o(i._ZN4mbed8FilePath4fileEv)
    i._ZN4mbed8FilePath6existsEv             0x080023c6   Section        0  FilePath.o(i._ZN4mbed8FilePath6existsEv)
    i._ZN4mbed8FilePath6isFileEv             0x080023d0   Section        0  FilePath.o(i._ZN4mbed8FilePath6isFileEv)
    i._ZN4mbed8FilePath8fileNameEv           0x080023e8   Section        0  FilePath.o(i._ZN4mbed8FilePath8fileNameEv)
    i._ZN4mbed8FilePathC1EPKc                0x080023ec   Section        0  FilePath.o(i._ZN4mbed8FilePathC1EPKc)
    i._ZThn92_N4mbed6Serial5_putcEi          0x0800242c   Section        0  Serial.o(i._ZThn92_N4mbed6Serial5_putcEi)
    i.__0fprintf                             0x08002434   Section        0  printfa.o(i.__0fprintf)
    i.__0sprintf                             0x08002450   Section        0  printfa.o(i.__0sprintf)
    i.__0vfprintf                            0x08002478   Section        0  printfa.o(i.__0vfprintf)
    i.__aeabi_atexit                         0x08002490   Section        0  aeabi_atexit.o(i.__aeabi_atexit)
    i.__aeabi_vec_ctor_nocookie_nodtor       0x080024c2   Section        0  aeabi_vec_ctor_nocookie_nodtor.o(i.__aeabi_vec_ctor_nocookie_nodtor)
    i.__cxa_finalize                         0x080024e4   Section        0  cxa_finalize.o(i.__cxa_finalize)
    i.__cxa_pure_virtual                     0x08002526   Section        0  pure_virt.o(i.__cxa_pure_virtual)
    i.__scatterload_copy                     0x0800252c   Section       14  handlers.o(i.__scatterload_copy)
    i.__scatterload_null                     0x0800253a   Section        2  handlers.o(i.__scatterload_null)
    i.__scatterload_zeroinit                 0x0800253c   Section       14  handlers.o(i.__scatterload_zeroinit)
    i._fclose$full                           0x0800254a   Section        0  fclose_f.o(i._fclose$full)
    i._fopen$full                            0x08002550   Section        0  fopen_f.o(i._fopen$full)
    i._fp_digits                             0x08002578   Section        0  printfa.o(i._fp_digits)
    _fp_digits                               0x08002579   Thumb Code   326  printfa.o(i._fp_digits)
    i._freopen$full                          0x080026d4   Section        0  fopen_f.o(i._freopen$full)
    i._printf_core                           0x08002734   Section        0  printfa.o(i._printf_core)
    _printf_core                             0x08002735   Thumb Code  1762  printfa.o(i._printf_core)
    i._printf_post_padding                   0x08002e24   Section        0  printfa.o(i._printf_post_padding)
    _printf_post_padding                     0x08002e25   Thumb Code    38  printfa.o(i._printf_post_padding)
    i._printf_pre_padding                    0x08002e4a   Section        0  printfa.o(i._printf_pre_padding)
    _printf_pre_padding                      0x08002e4b   Thumb Code    48  printfa.o(i._printf_pre_padding)
    i._sputc                                 0x08002e7a   Section        0  printfa.o(i._sputc)
    _sputc                                   0x08002e7b   Thumb Code    10  printfa.o(i._sputc)
    i._sys_close                             0x08002e84   Section        0  retarget.o(i._sys_close)
    i._sys_ensure                            0x08002eb0   Section        0  retarget.o(i._sys_ensure)
    i._sys_open                              0x08002ed8   Section        0  retarget.o(i._sys_open)
    i._sys_seek                              0x08002fbc   Section        0  retarget.o(i._sys_seek)
    i._sys_write                             0x08002fe4   Section        0  retarget.o(i._sys_write)
    i.analogin_init                          0x08003044   Section        0  analogin_api.o(i.analogin_init)
    i.error                                  0x08003100   Section        0  error.o(i.error)
    i.exit                                   0x08003118   Section        0  exit.o(i.exit)
    i.free                                   0x08003138   Section        0  malloc.o(i.free)
    i.gpio_dir                               0x08003188   Section        0  gpio_api.o(i.gpio_dir)
    i.gpio_init                              0x080031dc   Section        0  gpio_api.o(i.gpio_init)
    i.gpio_init_out                          0x0800321c   Section        0  gpio.o(i.gpio_init_out)
    i.gpio_mode                              0x08003260   Section        0  gpio_api.o(i.gpio_mode)
    i.malloc                                 0x08003268   Section        0  malloc.o(i.malloc)
    i.mbed_assert_internal                   0x080032d4   Section        0  assert.o(i.mbed_assert_internal)
    i.mbed_die                               0x08003324   Section        0  board.o(i.mbed_die)
    i.mbed_main                              0x08003334   Section        0  retarget.o(i.mbed_main)
    i.mbed_sdk_init                          0x08003336   Section        0  mbed_overrides.o(i.mbed_sdk_init)
    i.pin_function                           0x0800333c   Section        0  pinmap.o(i.pin_function)
    i.pin_mode                               0x0800343c   Section        0  pinmap.o(i.pin_mode)
    i.pinmap_merge                           0x08003534   Section        0  pinmap_common.o(i.pinmap_merge)
    i.pinmap_peripheral                      0x0800356c   Section        0  pinmap_common.o(i.pinmap_peripheral)
    i.pinmap_pinout                          0x080035c8   Section        0  pinmap_common.o(i.pinmap_pinout)
    i.serial_baud                            0x08003620   Section        0  serial_api.o(i.serial_baud)
    i.serial_init                            0x08003684   Section        0  serial_api.o(i.serial_init)
    i.serial_irq_handler                     0x080037e0   Section        0  serial_api.o(i.serial_irq_handler)
    i.serial_putc                            0x080037f8   Section        0  serial_api.o(i.serial_putc)
    i.tim_irq_handler                        0x08003818   Section        0  us_ticker.o(i.tim_irq_handler)
    tim_irq_handler                          0x08003819   Thumb Code   128  us_ticker.o(i.tim_irq_handler)
    i.us_ticker_clear_interrupt              0x080038a4   Section        0  us_ticker.o(i.us_ticker_clear_interrupt)
    i.us_ticker_disable_interrupt            0x080038b0   Section        0  us_ticker.o(i.us_ticker_disable_interrupt)
    i.us_ticker_irq_handler                  0x080038c0   Section        0  us_ticker_api.o(i.us_ticker_irq_handler)
    i.us_ticker_read                         0x08003904   Section        0  us_ticker.o(i.us_ticker_read)
    i.us_ticker_set_interrupt                0x080039a8   Section        0  us_ticker.o(i.us_ticker_set_interrupt)
    i.wait                                   0x08003aac   Section        0  wait_api.o(i.wait)
    i.wait_ms                                0x08003ad0   Section        0  wait_api.o(i.wait_ms)
    i.wait_us                                0x08003aec   Section        0  wait_api.o(i.wait_us)
    .constdata                               0x08003b04   Section       72  main.o(.constdata)
    .constdata                               0x08003b4c   Section      120  epd.o(.constdata)
    _cmd_handshake                           0x08003b4c   Data           8  epd.o(.constdata)
    _cmd_read_baud                           0x08003b54   Data           8  epd.o(.constdata)
    _cmd_stopmode                            0x08003b5c   Data           8  epd.o(.constdata)
    _cmd_update                              0x08003b64   Data           8  epd.o(.constdata)
    _cmd_load_font                           0x08003b6c   Data           8  epd.o(.constdata)
    _cmd_load_pic                            0x08003b74   Data           8  epd.o(.constdata)
    .constdata                               0x08003bc4   Section      302  analogin_api.o(.constdata)
    PinMap_ADC                               0x08003bc4   Data         204  analogin_api.o(.constdata)
    .constdata                               0x08003cf4   Section      240  serial_api.o(.constdata)
    PinMap_UART_TX                           0x08003cf4   Data          72  serial_api.o(.constdata)
    PinMap_UART_RX                           0x08003d3c   Data          72  serial_api.o(.constdata)
    .constdata                               0x08003de4   Section      115  gpio.o(.constdata)
    .constdata                               0x08003e58   Section      160  pinmap.o(.constdata)
    AF_mapping                               0x08003e58   Data          40  pinmap.o(.constdata)
    .constdata                               0x08003ef8   Section      116  gpio_api.o(.constdata)
    .constdata                               0x08003f6c   Section       64  ctype_c.o(.constdata)
    .constdata__ZTVN4mbed10FileHandleE       0x08003fac   Section       44  retarget.o(.constdata__ZTVN4mbed10FileHandleE)
    .constdata__ZTVN4mbed10SerialBaseE       0x08003fd8   Section       16  SerialBase.o(.constdata__ZTVN4mbed10SerialBaseE)
    .constdata__ZTVN4mbed6SerialE            0x08003fe8   Section       92  Serial.o(.constdata__ZTVN4mbed6SerialE)
    .constdata__ZTVN4mbed6StreamE            0x08004044   Section       68  Stream.o(.constdata__ZTVN4mbed6StreamE)
    .constdata__ZTVN4mbed8FileBaseE          0x08004088   Section       16  FileBase.o(.constdata__ZTVN4mbed8FileBaseE)
    .constdata__ZTVN4mbed8FileLikeE          0x08004098   Section       60  FileLike.o(.constdata__ZTVN4mbed8FileLikeE)
    .init_array                              0x080040f4   Section        4  main.o(.init_array)
    .init_array                              0x080040f8   Section        4  epd.o(.init_array)
    .data                                    0x200000ec   Section        8  main.o(.data)
    .data                                    0x200000f4   Section       20  stm32f10x_rcc.o(.data)
    ADCPrescTable                            0x200000f4   Data           4  stm32f10x_rcc.o(.data)
    APBAHBPrescTable                         0x200000f8   Data          16  stm32f10x_rcc.o(.data)
    .data                                    0x20000108   Section        4  retarget.o(.data)
    n                                        0x20000108   Data           4  retarget.o(.data)
    .data                                    0x2000010c   Section       20  system_stm32f10x.o(.data)
    .data                                    0x20000120   Section        4  analogin_api.o(.data)
    .data                                    0x20000124   Section        8  serial_api.o(.data)
    irq_handler                              0x20000128   Data           4  serial_api.o(.data)
    .data                                    0x2000012c   Section       16  us_ticker.o(.data)
    oc_rem_part                              0x2000012c   Data           2  us_ticker.o(.data)
    us_ticker_inited                         0x20000130   Data           4  us_ticker.o(.data)
    SlaveCounter                             0x20000134   Data           4  us_ticker.o(.data)
    oc_int_part                              0x20000138   Data           4  us_ticker.o(.data)
    .data                                    0x2000013c   Section        4  FileBase.o(.data)
    .data                                    0x20000140   Section        8  us_ticker_api.o(.data)
    head                                     0x20000140   Data           4  us_ticker_api.o(.data)
    event_handler                            0x20000144   Data           4  us_ticker_api.o(.data)
    .data                                    0x20000148   Section        4  cpp_dtor.o(.data)
    ddtor_pointer                            0x20000148   Data           4  cpp_dtor.o(.data)
    .data                                    0x2000014c   Section        4  mvars.o(.data)
    .data                                    0x20000150   Section        4  mvars.o(.data)
    .bss                                     0x20000154   Section       20  main.o(.bss)
    .bss                                     0x20000168   Section      668  epd.o(.bss)
    wake_up                                  0x20000168   Data          20  epd.o(.bss)
    reset                                    0x2000017c   Data          20  epd.o(.bss)
    uart                                     0x20000190   Data         116  epd.o(.bss)
    _cmd_buff                                0x20000204   Data         512  epd.o(.bss)
    .bss                                     0x20000404   Section       64  retarget.o(.bss)
    filehandles                              0x20000404   Data          64  retarget.o(.bss)
    .bss                                     0x20000444   Section       40  serial_api.o(.bss)
    serial_irq_ids                           0x20000444   Data          12  serial_api.o(.bss)
    .bss                                     0x2000046c   Section       20  stdout_f.o(.bss)
    .bss                                     0x20000480   Section       20  stderr_f.o(.bss)
    HEAP                                     0x20000498   Section     1024  startup_stm32f10x_md.o(HEAP)

    Global Symbols

    Symbol Name                              Value     Ov Type        Size  Object(Section)

    BuildAttributes$$THM_ISAv4$P$D$K$B$S$PE$A:L22UL41UL21$X:L11$S22US41US21$IEEE1$IW$USESV6$~STKCKD$USESV7$~SHL$OTIME$ROPI$EBA8$UX$MICROLIB$REQ8$PRES8$EABIv2 0x00000000   Number         0  anon$$obj.o ABSOLUTE
    __ARM_use_no_argv                        0x00000000   Number         0  main.o ABSOLUTE
    _printf_a                                0x00000000   Number         0  stubs.o ABSOLUTE
    _printf_c                                0x00000000   Number         0  stubs.o ABSOLUTE
    _printf_charcount                        0x00000000   Number         0  stubs.o ABSOLUTE
    _printf_d                                0x00000000   Number         0  stubs.o ABSOLUTE
    _printf_e                                0x00000000   Number         0  stubs.o ABSOLUTE
    _printf_f                                0x00000000   Number         0  stubs.o ABSOLUTE
    _printf_flags                            0x00000000   Number         0  stubs.o ABSOLUTE
    _printf_fp_dec                           0x00000000   Number         0  stubs.o ABSOLUTE
    _printf_fp_hex                           0x00000000   Number         0  stubs.o ABSOLUTE
    _printf_g                                0x00000000   Number         0  stubs.o ABSOLUTE
    _printf_i                                0x00000000   Number         0  stubs.o ABSOLUTE
    _printf_int_dec                          0x00000000   Number         0  stubs.o ABSOLUTE
    _printf_l                                0x00000000   Number         0  stubs.o ABSOLUTE
    _printf_lc                               0x00000000   Number         0  stubs.o ABSOLUTE
    _printf_ll                               0x00000000   Number         0  stubs.o ABSOLUTE
    _printf_lld                              0x00000000   Number         0  stubs.o ABSOLUTE
    _printf_lli                              0x00000000   Number         0  stubs.o ABSOLUTE
    _printf_llo                              0x00000000   Number         0  stubs.o ABSOLUTE
    _printf_llu                              0x00000000   Number         0  stubs.o ABSOLUTE
    _printf_llx                              0x00000000   Number         0  stubs.o ABSOLUTE
    _printf_longlong_dec                     0x00000000   Number         0  stubs.o ABSOLUTE
    _printf_longlong_hex                     0x00000000   Number         0  stubs.o ABSOLUTE
    _printf_longlong_oct                     0x00000000   Number         0  stubs.o ABSOLUTE
    _printf_ls                               0x00000000   Number         0  stubs.o ABSOLUTE
    _printf_mbtowc                           0x00000000   Number         0  stubs.o ABSOLUTE
    _printf_n                                0x00000000   Number         0  stubs.o ABSOLUTE
    _printf_o                                0x00000000   Number         0  stubs.o ABSOLUTE
    _printf_p                                0x00000000   Number         0  stubs.o ABSOLUTE
    _printf_percent                          0x00000000   Number         0  stubs.o ABSOLUTE
    _printf_pre_padding                      0x00000000   Number         0  stubs.o ABSOLUTE
    _printf_return_value                     0x00000000   Number         0  stubs.o ABSOLUTE
    _printf_s                                0x00000000   Number         0  stubs.o ABSOLUTE
    _printf_sizespec                         0x00000000   Number         0  stubs.o ABSOLUTE
    _printf_str                              0x00000000   Number         0  stubs.o ABSOLUTE
    _printf_truncate_signed                  0x00000000   Number         0  stubs.o ABSOLUTE
    _printf_truncate_unsigned                0x00000000   Number         0  stubs.o ABSOLUTE
    _printf_u                                0x00000000   Number         0  stubs.o ABSOLUTE
    _printf_wc                               0x00000000   Number         0  stubs.o ABSOLUTE
    _printf_wctomb                           0x00000000   Number         0  stubs.o ABSOLUTE
    _printf_widthprec                        0x00000000   Number         0  stubs.o ABSOLUTE
    _printf_x                                0x00000000   Number         0  stubs.o ABSOLUTE
    __ARM::default_unexpected_handler()       - Undefined Weak Reference
    __ARM_exceptions_buffer_required          - Undefined Weak Reference
    __decompress                              - Undefined Weak Reference
    _clock_init                               - Undefined Weak Reference
    _microlib_exit                            - Undefined Weak Reference
    __Vectors_Size                           0x000000ec   Number         0  startup_stm32f10x_md.o ABSOLUTE
    __Vectors                                0x08000000   Data           4  startup_stm32f10x_md.o(RESET)
    __dso_handle                             0x08000000   Number         0  startup_stm32f10x_md.o(RESET)
    __Vectors_End                            0x080000ec   Data           0  startup_stm32f10x_md.o(RESET)
    __main                                   0x080000ed   Thumb Code     0  entry.o(.ARM.Collect$$$$00000000)
    _main_stk                                0x080000ed   Thumb Code     0  entry2.o(.ARM.Collect$$$$00000001)
    _main_scatterload                        0x080000f1   Thumb Code     0  entry5.o(.ARM.Collect$$$$00000004)
    __main_after_scatterload                 0x080000f5   Thumb Code     0  entry5.o(.ARM.Collect$$$$00000004)
    __use_full_stdio                         0x080000f5   Thumb Code     0  entry6b.o(.ARM.Collect$$$$00000006)
    __main_after_initio                      0x080000f9   Thumb Code     0  entry6b.o(.ARM.Collect$$$$00000006)
    _main_clock                              0x080000f9   Thumb Code     0  entry7b.o(.ARM.Collect$$$$00000008)
    _main_cpp_init$empty                     0x080000f9   Thumb Code     0  entry8a.o(.ARM.Collect$$$$00000009)
    _main_cpp_init                           0x080000fd   Thumb Code     0  entry8b.o(.ARM.Collect$$$$0000000A)
    _main_init                               0x080000fd   Thumb Code     0  entry9a.o(.ARM.Collect$$$$0000000B)
    __rt_final_cpp                           0x08000105   Thumb Code     0  entry10a.o(.ARM.Collect$$$$0000000D)
    __rt_final_exit                          0x08000105   Thumb Code     0  entry11a.o(.ARM.Collect$$$$0000000F)
    base_draw()                              0x08000109   Thumb Code   442  main.o(.text)
    draw_text_demo()                         0x080002c3   Thumb Code   130  main.o(.text)
    draw_bitmap_demo()                       0x08000345   Thumb Code    84  main.o(.text)
    $Super$$main                             0x08000399   Thumb Code   122  main.o(.text)
    epd_init()                               0x08000581   Thumb Code    32  epd.o(.text)
    epd_reset()                              0x080005a1   Thumb Code    48  epd.o(.text)
    epd_wakeup()                             0x080005d1   Thumb Code    48  epd.o(.text)
    epd_handshake()                          0x08000601   Thumb Code    32  epd.o(.text)
    epd_set_baud(long)                       0x08000621   Thumb Code    90  epd.o(.text)
    epd_read_baud()                          0x0800067b   Thumb Code    32  epd.o(.text)
    epd_set_memory(unsigned char)            0x0800069b   Thumb Code    64  epd.o(.text)
    epd_enter_stopmode()                     0x080006db   Thumb Code    32  epd.o(.text)
    epd_udpate()                             0x080006fb   Thumb Code    32  epd.o(.text)
    epd_screen_rotation(unsigned char)       0x0800071b   Thumb Code    64  epd.o(.text)
    epd_load_font()                          0x0800075b   Thumb Code    32  epd.o(.text)
    epd_load_pic()                           0x0800077b   Thumb Code    32  epd.o(.text)
    epd_set_color(unsigned char, unsigned char) 0x0800079b   Thumb Code    68  epd.o(.text)
    epd_set_en_font(unsigned char)           0x080007df   Thumb Code    64  epd.o(.text)
    epd_set_ch_font(unsigned char)           0x0800081f   Thumb Code    64  epd.o(.text)
    epd_draw_pixel(int, int)                 0x0800085f   Thumb Code    74  epd.o(.text)
    epd_draw_line(int, int, int, int)        0x080008a9   Thumb Code    94  epd.o(.text)
    epd_fill_rect(int, int, int, int)        0x08000907   Thumb Code   142  epd.o(.text)
    epd_draw_circle(int, int, int)           0x08000995   Thumb Code    82  epd.o(.text)
    epd_fill_circle(int, int, int)           0x080009e7   Thumb Code    82  epd.o(.text)
    epd_draw_triangle(int, int, int, int, int, int) 0x08000a39   Thumb Code   118  epd.o(.text)
    epd_fill_triangle(int, int, int, int, int, int) 0x08000aaf   Thumb Code   118  epd.o(.text)
    epd_clear()                              0x08000b25   Thumb Code    58  epd.o(.text)
    epd_disp_string(const void*, int, int)   0x08000b5f   Thumb Code   114  epd.o(.text)
    epd_disp_char(unsigned char, int, int)   0x08000bd1   Thumb Code    30  epd.o(.text)
    epd_disp_bitmap(const void*, int, int)   0x08000bef   Thumb Code   114  epd.o(.text)
    Reset_Handler                            0x08000ced   Thumb Code     8  startup_stm32f10x_md.o(.text)
    NMI_Handler                              0x08000cf5   Thumb Code     2  startup_stm32f10x_md.o(.text)
    HardFault_Handler                        0x08000cf7   Thumb Code     2  startup_stm32f10x_md.o(.text)
    MemManage_Handler                        0x08000cf9   Thumb Code     2  startup_stm32f10x_md.o(.text)
    BusFault_Handler                         0x08000cfb   Thumb Code     2  startup_stm32f10x_md.o(.text)
    UsageFault_Handler                       0x08000cfd   Thumb Code     2  startup_stm32f10x_md.o(.text)
    SVC_Handler                              0x08000cff   Thumb Code     2  startup_stm32f10x_md.o(.text)
    DebugMon_Handler                         0x08000d01   Thumb Code     2  startup_stm32f10x_md.o(.text)
    PendSV_Handler                           0x08000d03   Thumb Code     2  startup_stm32f10x_md.o(.text)
    SysTick_Handler                          0x08000d05   Thumb Code     2  startup_stm32f10x_md.o(.text)
    ADC1_2_IRQHandler                        0x08000d07   Thumb Code     0  startup_stm32f10x_md.o(.text)
    CAN1_RX1_IRQHandler                      0x08000d07   Thumb Code     0  startup_stm32f10x_md.o(.text)
    CAN1_SCE_IRQHandler                      0x08000d07   Thumb Code     0  startup_stm32f10x_md.o(.text)
    DMA1_Channel1_IRQHandler                 0x08000d07   Thumb Code     0  startup_stm32f10x_md.o(.text)
    DMA1_Channel2_IRQHandler                 0x08000d07   Thumb Code     0  startup_stm32f10x_md.o(.text)
    DMA1_Channel3_IRQHandler                 0x08000d07   Thumb Code     0  startup_stm32f10x_md.o(.text)
    DMA1_Channel4_IRQHandler                 0x08000d07   Thumb Code     0  startup_stm32f10x_md.o(.text)
    DMA1_Channel5_IRQHandler                 0x08000d07   Thumb Code     0  startup_stm32f10x_md.o(.text)
    DMA1_Channel6_IRQHandler                 0x08000d07   Thumb Code     0  startup_stm32f10x_md.o(.text)
    DMA1_Channel7_IRQHandler                 0x08000d07   Thumb Code     0  startup_stm32f10x_md.o(.text)
    EXTI0_IRQHandler                         0x08000d07   Thumb Code     0  startup_stm32f10x_md.o(.text)
    EXTI15_10_IRQHandler                     0x08000d07   Thumb Code     0  startup_stm32f10x_md.o(.text)
    EXTI1_IRQHandler                         0x08000d07   Thumb Code     0  startup_stm32f10x_md.o(.text)
    EXTI2_IRQHandler                         0x08000d07   Thumb Code     0  startup_stm32f10x_md.o(.text)
    EXTI3_IRQHandler                         0x08000d07   Thumb Code     0  startup_stm32f10x_md.o(.text)
    EXTI4_IRQHandler                         0x08000d07   Thumb Code     0  startup_stm32f10x_md.o(.text)
    EXTI9_5_IRQHandler                       0x08000d07   Thumb Code     0  startup_stm32f10x_md.o(.text)
    FLASH_IRQHandler                         0x08000d07   Thumb Code     0  startup_stm32f10x_md.o(.text)
    I2C1_ER_IRQHandler                       0x08000d07   Thumb Code     0  startup_stm32f10x_md.o(.text)
    I2C1_EV_IRQHandler                       0x08000d07   Thumb Code     0  startup_stm32f10x_md.o(.text)
    I2C2_ER_IRQHandler                       0x08000d07   Thumb Code     0  startup_stm32f10x_md.o(.text)
    I2C2_EV_IRQHandler                       0x08000d07   Thumb Code     0  startup_stm32f10x_md.o(.text)
    PVD_IRQHandler                           0x08000d07   Thumb Code     0  startup_stm32f10x_md.o(.text)
    RCC_IRQHandler                           0x08000d07   Thumb Code     0  startup_stm32f10x_md.o(.text)
    RTCAlarm_IRQHandler                      0x08000d07   Thumb Code     0  startup_stm32f10x_md.o(.text)
    RTC_IRQHandler                           0x08000d07   Thumb Code     0  startup_stm32f10x_md.o(.text)
    SPI1_IRQHandler                          0x08000d07   Thumb Code     0  startup_stm32f10x_md.o(.text)
    SPI2_IRQHandler                          0x08000d07   Thumb Code     0  startup_stm32f10x_md.o(.text)
    TAMPER_IRQHandler                        0x08000d07   Thumb Code     0  startup_stm32f10x_md.o(.text)
    TIM1_BRK_IRQHandler                      0x08000d07   Thumb Code     0  startup_stm32f10x_md.o(.text)
    TIM1_CC_IRQHandler                       0x08000d07   Thumb Code     0  startup_stm32f10x_md.o(.text)
    TIM1_TRG_COM_IRQHandler                  0x08000d07   Thumb Code     0  startup_stm32f10x_md.o(.text)
    TIM1_UP_IRQHandler                       0x08000d07   Thumb Code     0  startup_stm32f10x_md.o(.text)
    TIM2_IRQHandler                          0x08000d07   Thumb Code     0  startup_stm32f10x_md.o(.text)
    TIM3_IRQHandler                          0x08000d07   Thumb Code     0  startup_stm32f10x_md.o(.text)
    TIM4_IRQHandler                          0x08000d07   Thumb Code     0  startup_stm32f10x_md.o(.text)
    USART1_IRQHandler                        0x08000d07   Thumb Code     0  startup_stm32f10x_md.o(.text)
    USART2_IRQHandler                        0x08000d07   Thumb Code     0  startup_stm32f10x_md.o(.text)
    USART3_IRQHandler                        0x08000d07   Thumb Code     0  startup_stm32f10x_md.o(.text)
    USBWakeUp_IRQHandler                     0x08000d07   Thumb Code     0  startup_stm32f10x_md.o(.text)
    USB_HP_CAN1_TX_IRQHandler                0x08000d07   Thumb Code     0  startup_stm32f10x_md.o(.text)
    USB_LP_CAN1_RX0_IRQHandler               0x08000d07   Thumb Code     0  startup_stm32f10x_md.o(.text)
    WWDG_IRQHandler                          0x08000d07   Thumb Code     0  startup_stm32f10x_md.o(.text)
    _initio                                  0x08000d11   Thumb Code    20  initio_oe.o(.text)
    fputc                                    0x08000d31   Thumb Code    40  fputc_fp.o(.text)
    fflush                                   0x08000d59   Thumb Code    38  fflush_fe.o(.text)
    ___aeabi_memcpy4$move                    0x08000d7f   Thumb Code     0  memmovea.o(.text)
    ___aeabi_memcpy8$move                    0x08000d7f   Thumb Code     0  memmovea.o(.text)
    __aeabi_memcpy                           0x08000d7f   Thumb Code    64  memmovea.o(.text)
    __aeabi_memmove                          0x08000d7f   Thumb Code     0  memmovea.o(.text)
    __aeabi_memmove4                         0x08000d7f   Thumb Code     0  memmovea.o(.text)
    __aeabi_memmove8                         0x08000d7f   Thumb Code     0  memmovea.o(.text)
    __aeabi_memset                           0x08000dbf   Thumb Code    14  memseta.o(.text)
    __aeabi_memset4                          0x08000dbf   Thumb Code     0  memseta.o(.text)
    __aeabi_memset8                          0x08000dbf   Thumb Code     0  memseta.o(.text)
    __aeabi_memclr                           0x08000dcd   Thumb Code     4  memseta.o(.text)
    __aeabi_memclr4                          0x08000dcd   Thumb Code     0  memseta.o(.text)
    __aeabi_memclr8                          0x08000dcd   Thumb Code     0  memseta.o(.text)
    _memset$wrapper                          0x08000dd1   Thumb Code    18  memseta.o(.text)
    strlen                                   0x08000de3   Thumb Code    14  strlen.o(.text)
    strcmp                                   0x08000df1   Thumb Code    28  strcmp.o(.text)
    strcpy                                   0x08000e0d   Thumb Code    18  strcpy.o(.text)
    strncmp                                  0x08000e1f   Thumb Code    30  strncmp.o(.text)
    __0sscanf                                0x08000e3d   Thumb Code    48  __0sscanf.o(.text)
    _scanf_int                               0x08000e75   Thumb Code   336  _scanf_int.o(.text)
    __cpp_initialize__aeabi_                 0x08000fc5   Thumb Code    22  cpp_init.o(.text)
    __aeabi_fmul                             0x08000fe5   Thumb Code   108  fmul.o(.text)
    __aeabi_f2iz                             0x08001051   Thumb Code    50  ffixi.o(.text)
    __aeabi_uidiv                            0x08001083   Thumb Code     0  uidiv.o(.text)
    __aeabi_uidivmod                         0x08001083   Thumb Code    44  uidiv.o(.text)
    __aeabi_uldivmod                         0x080010af   Thumb Code    98  uldiv.o(.text)
    _chval                                   0x08001111   Thumb Code    28  _chval.o(.text)
    __vfscanf_char                           0x08001139   Thumb Code    20  scanf_char.o(.text)
    _sgetc                                   0x08001155   Thumb Code    30  _sgetc.o(.text)
    _sbackspace                              0x08001173   Thumb Code    34  _sgetc.o(.text)
    __I$use$fp                               0x08001195   Thumb Code     0  iusefp.o(.text)
    __rt_ddtor_pointer_addr                  0x08001195   Thumb Code     4  cpp_dtor.o(.text)
    __rt_lib_shutdown_cpp_1                  0x0800119d   Thumb Code     2  cpp_final.o(.text)
    __rt_SIGPVFN                             0x0800119f   Thumb Code     2  cpp_signal.o(.text)
    __aeabi_dadd                             0x080011a1   Thumb Code   322  dadd.o(.text)
    __aeabi_dsub                             0x080012e3   Thumb Code     6  dadd.o(.text)
    __aeabi_drsub                            0x080012e9   Thumb Code     6  dadd.o(.text)
    __aeabi_dmul                             0x080012ef   Thumb Code   228  dmul.o(.text)
    __aeabi_ddiv                             0x080013d3   Thumb Code   222  ddiv.o(.text)
    __aeabi_d2ulz                            0x080014b1   Thumb Code    48  dfixul.o(.text)
    __aeabi_cdrcmple                         0x080014e1   Thumb Code    38  cdrcmple.o(.text)
    __scatterload                            0x08001509   Thumb Code    28  init.o(.text)
    __scatterload_rt2                        0x08001509   Thumb Code     0  init.o(.text)
    __aeabi_llsl                             0x0800152d   Thumb Code    30  llshl.o(.text)
    _ll_shift_l                              0x0800152d   Thumb Code     0  llshl.o(.text)
    __aeabi_llsr                             0x0800154b   Thumb Code    32  llushr.o(.text)
    _ll_ushift_r                             0x0800154b   Thumb Code     0  llushr.o(.text)
    __aeabi_lasr                             0x0800156b   Thumb Code    36  llsshr.o(.text)
    _ll_sshift_r                             0x0800156b   Thumb Code     0  llsshr.o(.text)
    isspace                                  0x0800158f   Thumb Code    10  isspace_c.o(.text)
    __vfscanf                                0x08001599   Thumb Code   806  _scanf.o(.text)
    _double_round                            0x080018c5   Thumb Code    26  depilogue.o(.text)
    _double_epilogue                         0x080018df   Thumb Code   164  depilogue.o(.text)
    __ctype_lookup                           0x08001985   Thumb Code    34  ctype_c.o(.text)
    main                                     0x080019ad   Thumb Code    18  retarget.o(i.$Sub$$main)
    ADC_Cmd                                  0x080019c5   Thumb Code    18  stm32f10x_adc.o(i.ADC_Cmd)
    ADC_GetCalibrationStatus                 0x080019d7   Thumb Code    16  stm32f10x_adc.o(i.ADC_GetCalibrationStatus)
    ADC_GetResetCalibrationStatus            0x080019e7   Thumb Code    16  stm32f10x_adc.o(i.ADC_GetResetCalibrationStatus)
    ADC_Init                                 0x080019f9   Thumb Code    70  stm32f10x_adc.o(i.ADC_Init)
    ADC_ResetCalibration                     0x08001a45   Thumb Code    10  stm32f10x_adc.o(i.ADC_ResetCalibration)
    ADC_StartCalibration                     0x08001a4f   Thumb Code    10  stm32f10x_adc.o(i.ADC_StartCalibration)
    GPIO_Init                                0x08001a59   Thumb Code   170  stm32f10x_gpio.o(i.GPIO_Init)
    GPIO_PinRemapConfig                      0x08001b05   Thumb Code   102  stm32f10x_gpio.o(i.GPIO_PinRemapConfig)
    NVIC_SetVector                           0x08001b71   Thumb Code   102  cmsis_nvic.o(i.NVIC_SetVector)
    RCC_ADCCLKConfig                         0x08001bdd   Thumb Code    14  stm32f10x_rcc.o(i.RCC_ADCCLKConfig)
    RCC_APB1PeriphClockCmd                   0x08001bf1   Thumb Code    18  stm32f10x_rcc.o(i.RCC_APB1PeriphClockCmd)
    RCC_APB2PeriphClockCmd                   0x08001c09   Thumb Code    18  stm32f10x_rcc.o(i.RCC_APB2PeriphClockCmd)
    RCC_GetClocksFreq                        0x08001c21   Thumb Code   152  stm32f10x_rcc.o(i.RCC_GetClocksFreq)
    SetSysClock_PLL_HSE                      0x08001ccd   Thumb Code   174  system_stm32f10x.o(i.SetSysClock_PLL_HSE)
    Set_GPIO_Clock                           0x08001d85   Thumb Code    64  pinmap.o(i.Set_GPIO_Clock)
    SystemCoreClockUpdate                    0x08001dd9   Thumb Code    90  system_stm32f10x.o(i.SystemCoreClockUpdate)
    SystemInit                               0x08001e49   Thumb Code   178  system_stm32f10x.o(i.SystemInit)
    TIM_ClearITPendingBit                    0x08001f0d   Thumb Code     6  stm32f10x_tim.o(i.TIM_ClearITPendingBit)
    TIM_Cmd                                  0x08001f13   Thumb Code    18  stm32f10x_tim.o(i.TIM_Cmd)
    TIM_GetITStatus                          0x08001f25   Thumb Code    22  stm32f10x_tim.o(i.TIM_GetITStatus)
    TIM_ITConfig                             0x08001f3b   Thumb Code    16  stm32f10x_tim.o(i.TIM_ITConfig)
    TIM_SetCompare1                          0x08001f4b   Thumb Code     4  stm32f10x_tim.o(i.TIM_SetCompare1)
    TIM_TimeBaseInit                         0x08001f51   Thumb Code   148  stm32f10x_tim.o(i.TIM_TimeBaseInit)
    TIM_TimeBaseStructInit                   0x08001fed   Thumb Code    18  stm32f10x_tim.o(i.TIM_TimeBaseStructInit)
    USART_Cmd                                0x08001fff   Thumb Code    18  stm32f10x_usart.o(i.USART_Cmd)
    USART_GetFlagStatus                      0x08002011   Thumb Code    14  stm32f10x_usart.o(i.USART_GetFlagStatus)
    USART_Init                               0x08002021   Thumb Code   174  stm32f10x_usart.o(i.USART_Init)
    USART_SendData                           0x080020d5   Thumb Code     8  stm32f10x_usart.o(i.USART_SendData)
    mbed::DigitalOut::DigitalOut(PinName)    0x080020dd   Thumb Code    26  epd.o(i._ZN4mbed10DigitalOutC1E7PinName)
    mbed::DigitalOut::DigitalOut__sub_object(PinName) 0x080020dd   Thumb Code     0  epd.o(i._ZN4mbed10DigitalOutC1E7PinName)
    mbed::DigitalOut::operator =(int)        0x080020f7   Thumb Code    22  epd.o(i._ZN4mbed10DigitalOutaSEi)
    mbed::FileHandle::~FileHandle()          0x0800210d   Thumb Code     0  retarget.o(i._ZN4mbed10FileHandleD2Ev)
    mbed::FileHandle::~FileHandle__sub_object() 0x0800210d   Thumb Code    38  retarget.o(i._ZN4mbed10FileHandleD2Ev)
    mbed::SerialBase::_base_putc(int)        0x0800213d   Thumb Code    14  SerialBase.o(i._ZN4mbed10SerialBase10_base_putcEi)
    mbed::SerialBase::_irq_handler(unsigned, SerialIrq) 0x0800214b   Thumb Code    14  SerialBase.o(i._ZN4mbed10SerialBase12_irq_handlerEj9SerialIrq)
    mbed::SerialBase::baud(int)              0x08002159   Thumb Code    16  SerialBase.o(i._ZN4mbed10SerialBase4baudEi)
    mbed::SerialBase::SerialBase(PinName, PinName) 0x08002169   Thumb Code    72  SerialBase.o(i._ZN4mbed10SerialBaseC1E7PinNameS1_)
    mbed::SerialBase::SerialBase__sub_object(PinName, PinName) 0x08002169   Thumb Code     0  SerialBase.o(i._ZN4mbed10SerialBaseC1E7PinNameS1_)
    mbed::FunctionPointer::call()            0x080021bd   Thumb Code    24  FunctionPointer.o(i._ZN4mbed15FunctionPointer4callEv)
    mbed::FunctionPointer::FunctionPointer(void(*)()) 0x080021d5   Thumb Code    10  FunctionPointer.o(i._ZN4mbed15FunctionPointerC1EPFvvE)
    mbed::FunctionPointer::FunctionPointer__sub_object(void(*)()) 0x080021d5   Thumb Code     0  FunctionPointer.o(i._ZN4mbed15FunctionPointerC1EPFvvE)
    mbed::Serial::Serial(PinName, PinName, const char*) 0x080021e1   Thumb Code    32  Serial.o(i._ZN4mbed6SerialC1E7PinNameS1_PKc)
    mbed::Serial::Serial__sub_object(PinName, PinName, const char*) 0x080021e1   Thumb Code     0  Serial.o(i._ZN4mbed6SerialC1E7PinNameS1_PKc)
    mbed::Serial::~Serial()                  0x08002205   Thumb Code    12  Serial.o(i._ZN4mbed6SerialD1Ev)
    mbed::Serial::~Serial__sub_object()      0x08002205   Thumb Code     0  Serial.o(i._ZN4mbed6SerialD1Ev)
    mbed::Stream::putc(int)                  0x08002211   Thumb Code    24  Stream.o(i._ZN4mbed6Stream4putcEi)
    mbed::Stream::close()                    0x08002229   Thumb Code     4  Stream.o(i._ZN4mbed6Stream5closeEv)
    mbed::Stream::fsync()                    0x0800222d   Thumb Code     4  Stream.o(i._ZN4mbed6Stream5fsyncEv)
    mbed::Stream::lseek(long, int)           0x08002231   Thumb Code     4  Stream.o(i._ZN4mbed6Stream5lseekEli)
    mbed::Stream::write(const void*, unsigned) 0x08002235   Thumb Code    42  Stream.o(i._ZN4mbed6Stream5writeEPKvj)
    mbed::Stream::Stream__sub_object(const char*) 0x08002261   Thumb Code    54  Stream.o(i._ZN4mbed6StreamC2EPKc)
    mbed::Stream::~Stream()                  0x080022a5   Thumb Code     0  Stream.o(i._ZN4mbed6StreamD2Ev)
    mbed::Stream::~Stream__sub_object()      0x080022a5   Thumb Code    28  Stream.o(i._ZN4mbed6StreamD2Ev)
    mbed::FileBase::getPathType()            0x080022c5   Thumb Code     4  FileBase.o(i._ZN4mbed8FileBase11getPathTypeEv)
    mbed::FileBase::lookup(const char*, unsigned) 0x080022c9   Thumb Code    50  FileBase.o(i._ZN4mbed8FileBase6lookupEPKcj)
    mbed::FileBase::FileBase(const char*, mbed::PathType) 0x08002301   Thumb Code    28  FileBase.o(i._ZN4mbed8FileBaseC1EPKcNS_8PathTypeE)
    mbed::FileBase::FileBase__sub_object(const char*, mbed::PathType) 0x08002301   Thumb Code     0  FileBase.o(i._ZN4mbed8FileBaseC1EPKcNS_8PathTypeE)
    mbed::FileBase::~FileBase()              0x08002325   Thumb Code    46  FileBase.o(i._ZN4mbed8FileBaseD1Ev)
    mbed::FileBase::~FileBase__sub_object()  0x08002325   Thumb Code     0  FileBase.o(i._ZN4mbed8FileBaseD1Ev)
    mbed::FileLike::FileLike__sub_object(const char*) 0x0800235d   Thumb Code    26  FileLike.o(i._ZN4mbed8FileLikeC2EPKc)
    mbed::FileLike::~FileLike()              0x08002381   Thumb Code     0  FileLike.o(i._ZN4mbed8FileLikeD2Ev)
    mbed::FileLike::~FileLike__sub_object()  0x08002381   Thumb Code    18  FileLike.o(i._ZN4mbed8FileLikeD2Ev)
    mbed::FilePath::fileSystem()             0x08002393   Thumb Code    24  FilePath.o(i._ZN4mbed8FilePath10fileSystemEv)
    mbed::FilePath::file()                   0x080023ab   Thumb Code    28  FilePath.o(i._ZN4mbed8FilePath4fileEv)
    mbed::FilePath::exists()                 0x080023c7   Thumb Code    10  FilePath.o(i._ZN4mbed8FilePath6existsEv)
    mbed::FilePath::isFile()                 0x080023d1   Thumb Code    24  FilePath.o(i._ZN4mbed8FilePath6isFileEv)
    mbed::FilePath::fileName()               0x080023e9   Thumb Code     4  FilePath.o(i._ZN4mbed8FilePath8fileNameEv)
    mbed::FilePath::FilePath(const char*)    0x080023ed   Thumb Code    64  FilePath.o(i._ZN4mbed8FilePathC1EPKc)
    mbed::FilePath::FilePath__sub_object(const char*) 0x080023ed   Thumb Code     0  FilePath.o(i._ZN4mbed8FilePathC1EPKc)
    thunk{-92} to mbed::Serial::_putc(int)   0x0800242d   Thumb Code     6  Serial.o(i._ZThn92_N4mbed6Serial5_putcEi)
    __0fprintf                               0x08002435   Thumb Code    22  printfa.o(i.__0fprintf)
    __1fprintf                               0x08002435   Thumb Code     0  printfa.o(i.__0fprintf)
    __2fprintf                               0x08002435   Thumb Code     0  printfa.o(i.__0fprintf)
    __c89fprintf                             0x08002435   Thumb Code     0  printfa.o(i.__0fprintf)
    fprintf                                  0x08002435   Thumb Code     0  printfa.o(i.__0fprintf)
    __0sprintf                               0x08002451   Thumb Code    34  printfa.o(i.__0sprintf)
    __1sprintf                               0x08002451   Thumb Code     0  printfa.o(i.__0sprintf)
    __2sprintf                               0x08002451   Thumb Code     0  printfa.o(i.__0sprintf)
    __c89sprintf                             0x08002451   Thumb Code     0  printfa.o(i.__0sprintf)
    sprintf                                  0x08002451   Thumb Code     0  printfa.o(i.__0sprintf)
    __0vfprintf                              0x08002479   Thumb Code    20  printfa.o(i.__0vfprintf)
    __1vfprintf                              0x08002479   Thumb Code     0  printfa.o(i.__0vfprintf)
    __2vfprintf                              0x08002479   Thumb Code     0  printfa.o(i.__0vfprintf)
    __c89vfprintf                            0x08002479   Thumb Code     0  printfa.o(i.__0vfprintf)
    vfprintf                                 0x08002479   Thumb Code     0  printfa.o(i.__0vfprintf)
    __aeabi_atexit                           0x08002491   Thumb Code    50  aeabi_atexit.o(i.__aeabi_atexit)
    __aeabi_vec_ctor_nocookie_nodtor         0x080024c3   Thumb Code    34  aeabi_vec_ctor_nocookie_nodtor.o(i.__aeabi_vec_ctor_nocookie_nodtor)
    __cxa_finalize                           0x080024e5   Thumb Code    66  cxa_finalize.o(i.__cxa_finalize)
    __cxa_pure_virtual                       0x08002527   Thumb Code     6  pure_virt.o(i.__cxa_pure_virtual)
    __scatterload_copy                       0x0800252d   Thumb Code    14  handlers.o(i.__scatterload_copy)
    __scatterload_null                       0x0800253b   Thumb Code     2  handlers.o(i.__scatterload_null)
    __scatterload_zeroinit                   0x0800253d   Thumb Code    14  handlers.o(i.__scatterload_zeroinit)
    fclose                                   0x0800254b   Thumb Code     6  fclose_f.o(i._fclose$full)
    fopen                                    0x08002551   Thumb Code    40  fopen_f.o(i._fopen$full)
    freopen                                  0x080026d5   Thumb Code    94  fopen_f.o(i._freopen$full)
    _sys_close                               0x08002e85   Thumb Code    40  retarget.o(i._sys_close)
    _sys_ensure                              0x08002eb1   Thumb Code    34  retarget.o(i._sys_ensure)
    _sys_open                                0x08002ed9   Thumb Code   212  retarget.o(i._sys_open)
    _sys_seek                                0x08002fbd   Thumb Code    36  retarget.o(i._sys_seek)
    _sys_write                               0x08002fe5   Thumb Code    82  retarget.o(i._sys_write)
    analogin_init                            0x08003045   Thumb Code   150  analogin_api.o(i.analogin_init)
    error                                    0x08003101   Thumb Code    20  error.o(i.error)
    exit                                     0x08003119   Thumb Code    24  exit.o(i.exit)
    free                                     0x08003139   Thumb Code    76  malloc.o(i.free)
    gpio_dir                                 0x08003189   Thumb Code    56  gpio_api.o(i.gpio_dir)
    gpio_init                                0x080031dd   Thumb Code    62  gpio_api.o(i.gpio_init)
    gpio_init_out                            0x0800321d   Thumb Code    64  gpio.o(i.gpio_init_out)
    gpio_mode                                0x08003261   Thumb Code     8  gpio_api.o(i.gpio_mode)
    malloc                                   0x08003269   Thumb Code    92  malloc.o(i.malloc)
    mbed_assert_internal                     0x080032d5   Thumb Code    24  assert.o(i.mbed_assert_internal)
    mbed_die                                 0x08003325   Thumb Code    16  board.o(i.mbed_die)
    mbed_main                                0x08003335   Thumb Code     2  retarget.o(i.mbed_main)
    mbed_sdk_init                            0x08003337   Thumb Code     4  mbed_overrides.o(i.mbed_sdk_init)
    pin_function                             0x0800333d   Thumb Code   198  pinmap.o(i.pin_function)
    pin_mode                                 0x0800343d   Thumb Code   202  pinmap.o(i.pin_mode)
    pinmap_merge                             0x08003535   Thumb Code    34  pinmap_common.o(i.pinmap_merge)
    pinmap_peripheral                        0x0800356d   Thumb Code    58  pinmap_common.o(i.pinmap_peripheral)
    pinmap_pinout                            0x080035c9   Thumb Code    66  pinmap_common.o(i.pinmap_pinout)
    serial_baud                              0x08003621   Thumb Code    98  serial_api.o(i.serial_baud)
    serial_init                              0x08003685   Thumb Code   294  serial_api.o(i.serial_init)
    serial_irq_handler                       0x080037e1   Thumb Code    14  serial_api.o(i.serial_irq_handler)
    serial_putc                              0x080037f9   Thumb Code    32  serial_api.o(i.serial_putc)
    us_ticker_clear_interrupt                0x080038a5   Thumb Code     8  us_ticker.o(i.us_ticker_clear_interrupt)
    us_ticker_disable_interrupt              0x080038b1   Thumb Code    10  us_ticker.o(i.us_ticker_disable_interrupt)
    us_ticker_irq_handler                    0x080038c1   Thumb Code    62  us_ticker_api.o(i.us_ticker_irq_handler)
    us_ticker_read                           0x08003905   Thumb Code   136  us_ticker.o(i.us_ticker_read)
    us_ticker_set_interrupt                  0x080039a9   Thumb Code   232  us_ticker.o(i.us_ticker_set_interrupt)
    wait                                     0x08003aad   Thumb Code    32  wait_api.o(i.wait)
    wait_ms                                  0x08003ad1   Thumb Code    28  wait_api.o(i.wait_ms)
    wait_us                                  0x08003aed   Thumb Code    24  wait_api.o(i.wait_us)
    __ctype_categories                       0x08003f6c   Data          64  ctype_c.o(.constdata)
    vtable for mbed::FileHandle              0x08003fac   Data          44  retarget.o(.constdata__ZTVN4mbed10FileHandleE)
    vtable for mbed::SerialBase              0x08003fd8   Data          16  SerialBase.o(.constdata__ZTVN4mbed10SerialBaseE)
    vtable for mbed::Serial                  0x08003fe8   Data          92  Serial.o(.constdata__ZTVN4mbed6SerialE)
    vtable for mbed::Stream                  0x08004044   Data          68  Stream.o(.constdata__ZTVN4mbed6StreamE)
    vtable for mbed::FileBase                0x08004088   Data          16  FileBase.o(.constdata__ZTVN4mbed8FileBaseE)
    vtable for mbed::FileLike                0x08004098   Data          60  FileLike.o(.constdata__ZTVN4mbed8FileLikeE)
    Region$$Table$$Base                      0x080040d4   Number         0  anon$$obj.o(Region$$Table)
    Region$$Table$$Limit                     0x080040f4   Number         0  anon$$obj.o(Region$$Table)
    SHT$$INIT_ARRAY$$Base                    0x080040f4   Number         0  main.o(.init_array)
    SHT$$INIT_ARRAY$$Limit                   0x080040fc   Number         0  epd.o(.init_array)
    analog_value                             0x200000ec   Data           8  main.o(.data)
    SystemCoreClock                          0x2000010c   Data           4  system_stm32f10x.o(.data)
    AHBPrescTable                            0x20000110   Data          16  system_stm32f10x.o(.data)
    adc_inited                               0x20000120   Data           4  analogin_api.o(.data)
    stdio_uart_inited                        0x20000124   Data           4  serial_api.o(.data)
    mbed::FileBase::_head                    0x2000013c   Data           4  FileBase.o(.data)
    __microlib_freelist                      0x2000014c   Data           4  mvars.o(.data)
    __microlib_freelist_initialised          0x20000150   Data           4  mvars.o(.data)
    led1                                     0x20000154   Data          20  main.o(.bss)
    stdio_uart                               0x20000450   Data          28  serial_api.o(.bss)
    __stdout                                 0x2000046c   Data          20  stdout_f.o(.bss)
    __stderr                                 0x20000480   Data          20  stderr_f.o(.bss)
    __heap_base                              0x20000498   Data           0  startup_stm32f10x_md.o(HEAP)
    Image$$RW_IRAM1$$ZI$$Limit               0x20000898   Number         0  startup_stm32f10x_md.o(HEAP)
    __heap_limit                             0x20004c00   Number         0  startup_stm32f10x_md.o ABSOLUTE
    __initial_sp                             0x20005000   Number         0  startup_stm32f10x_md.o ABSOLUTE



==============================================================================

Memory Map of the image

  Image Entry point : 0x080000ed

  Load Region LR_IROM1 (Base: 0x08000000, Size: 0x00004164, Max: 0x00020000, ABSOLUTE)

    Execution Region ER_IROM1 (Base: 0x08000000, Size: 0x000040fc, Max: 0x00020000, ABSOLUTE)

    Base Addr    Size         Type   Attr      Idx    E Section Name        Object

    0x08000000   0x000000ec   Data   RO          612    RESET               startup_stm32f10x_md.o
    0x080000ec   0x00000000   Code   RO         2189  * .ARM.Collect$$$$00000000  mc_w.l(entry.o)
    0x080000ec   0x00000004   Code   RO         2582    .ARM.Collect$$$$00000001  mc_w.l(entry2.o)
    0x080000f0   0x00000004   Code   RO         2585    .ARM.Collect$$$$00000004  mc_w.l(entry5.o)
    0x080000f4   0x00000004   Code   RO         2191    .ARM.Collect$$$$00000006  mc_w.l(entry6b.o)
    0x080000f8   0x00000000   Code   RO         2587    .ARM.Collect$$$$00000008  mc_w.l(entry7b.o)
    0x080000f8   0x00000004   Code   RO         2588    .ARM.Collect$$$$00000009  mc_w.l(entry8a.o)
    0x080000fc   0x00000000   Code   RO         2589    .ARM.Collect$$$$0000000A  mc_w.l(entry8b.o)
    0x080000fc   0x00000008   Code   RO         2590    .ARM.Collect$$$$0000000B  mc_w.l(entry9a.o)
    0x08000104   0x00000000   Code   RO         2592    .ARM.Collect$$$$0000000D  mc_w.l(entry10a.o)
    0x08000104   0x00000000   Code   RO         2594    .ARM.Collect$$$$0000000F  mc_w.l(entry11a.o)
    0x08000104   0x00000004   Code   RO         2583    .ARM.Collect$$$$00002712  mc_w.l(entry2.o)
    0x08000108   0x00000444   Code   RO            3    .text               main.o
    0x0800054c   0x000007a0   Code   RO          343    .text               epd.o
    0x08000cec   0x00000024   Code   RO          613    .text               startup_stm32f10x_md.o
    0x08000d10   0x00000020   Code   RO         2235    .text               mc_w.l(initio_oe.o)
    0x08000d30   0x00000028   Code   RO         2241    .text               mc_w.l(fputc_fp.o)
    0x08000d58   0x00000026   Code   RO         2245    .text               mc_w.l(fflush_fe.o)
    0x08000d7e   0x00000040   Code   RO         2259    .text               mc_w.l(memmovea.o)
    0x08000dbe   0x00000024   Code   RO         2261    .text               mc_w.l(memseta.o)
    0x08000de2   0x0000000e   Code   RO         2265    .text               mc_w.l(strlen.o)
    0x08000df0   0x0000001c   Code   RO         2267    .text               mc_w.l(strcmp.o)
    0x08000e0c   0x00000012   Code   RO         2269    .text               mc_w.l(strcpy.o)
    0x08000e1e   0x0000001e   Code   RO         2271    .text               mc_w.l(strncmp.o)
    0x08000e3c   0x00000038   Code   RO         2538    .text               mc_w.l(__0sscanf.o)
    0x08000e74   0x00000150   Code   RO         2540    .text               mc_w.l(_scanf_int.o)
    0x08000fc4   0x00000020   Code   RO         2545    .text               mc_w.l(cpp_init.o)
    0x08000fe4   0x0000006c   Code   RO         2547    .text               mf_w.l(fmul.o)
    0x08001050   0x00000032   Code   RO         2551    .text               mf_w.l(ffixi.o)
    0x08001082   0x0000002c   Code   RO         2601    .text               mc_w.l(uidiv.o)
    0x080010ae   0x00000062   Code   RO         2603    .text               mc_w.l(uldiv.o)
    0x08001110   0x0000001c   Code   RO         2633    .text               mc_w.l(_chval.o)
    0x0800112c   0x00000028   Code   RO         2643    .text               mc_w.l(scanf_char.o)
    0x08001154   0x00000040   Code   RO         2645    .text               mc_w.l(_sgetc.o)
    0x08001194   0x00000000   Code   RO         2649    .text               mc_w.l(iusefp.o)
    0x08001194   0x00000008   Code   RO         2652    .text               mc_w.l(cpp_dtor.o)
    0x0800119c   0x00000002   Code   RO         2655    .text               mc_w.l(cpp_final.o)
    0x0800119e   0x00000002   Code   RO         2660    .text               mc_w.l(cpp_signal.o)
    0x080011a0   0x0000014e   Code   RO         2667    .text               mf_w.l(dadd.o)
    0x080012ee   0x000000e4   Code   RO         2669    .text               mf_w.l(dmul.o)
    0x080013d2   0x000000de   Code   RO         2671    .text               mf_w.l(ddiv.o)
    0x080014b0   0x00000030   Code   RO         2673    .text               mf_w.l(dfixul.o)
    0x080014e0   0x00000028   Code   RO         2675    .text               mf_w.l(cdrcmple.o)
    0x08001508   0x00000024   Code   RO         2693    .text               mc_w.l(init.o)
    0x0800152c   0x0000001e   Code   RO         2695    .text               mc_w.l(llshl.o)
    0x0800154a   0x00000020   Code   RO         2697    .text               mc_w.l(llushr.o)
    0x0800156a   0x00000024   Code   RO         2699    .text               mc_w.l(llsshr.o)
    0x0800158e   0x0000000a   Code   RO         2701    .text               mc_w.l(isspace_c.o)
    0x08001598   0x0000032c   Code   RO         2709    .text               mc_w.l(_scanf.o)
    0x080018c4   0x000000be   Code   RO         2712    .text               mf_w.l(depilogue.o)
    0x08001982   0x00000002   PAD
    0x08001984   0x00000028   Code   RO         2724    .text               mc_w.l(ctype_c.o)
    0x080019ac   0x00000012   Code   RO          503    i.$Sub$$main        retarget.o
    0x080019be   0x00000006   Code   RO         1797    i.<Func1>           mbed.ar(SerialBase.o)
    0x080019c4   0x00000012   Code   RO         1291    i.ADC_Cmd           stm32f10x_adc.o
    0x080019d6   0x00000010   Code   RO         1299    i.ADC_GetCalibrationStatus  stm32f10x_adc.o
    0x080019e6   0x00000010   Code   RO         1305    i.ADC_GetResetCalibrationStatus  stm32f10x_adc.o
    0x080019f6   0x00000002   PAD
    0x080019f8   0x0000004c   Code   RO         1309    i.ADC_Init          stm32f10x_adc.o
    0x08001a44   0x0000000a   Code   RO         1314    i.ADC_ResetCalibration  stm32f10x_adc.o
    0x08001a4e   0x0000000a   Code   RO         1318    i.ADC_StartCalibration  stm32f10x_adc.o
    0x08001a58   0x000000aa   Code   RO          979    i.GPIO_Init         stm32f10x_gpio.o
    0x08001b02   0x00000002   PAD
    0x08001b04   0x0000006c   Code   RO          981    i.GPIO_PinRemapConfig  stm32f10x_gpio.o
    0x08001b70   0x0000006c   Code   RO         1176    i.NVIC_SetVector    cmsis_nvic.o
    0x08001bdc   0x00000014   Code   RO          434    i.RCC_ADCCLKConfig  stm32f10x_rcc.o
    0x08001bf0   0x00000018   Code   RO          436    i.RCC_APB1PeriphClockCmd  stm32f10x_rcc.o
    0x08001c08   0x00000018   Code   RO          438    i.RCC_APB2PeriphClockCmd  stm32f10x_rcc.o
    0x08001c20   0x000000ac   Code   RO          446    i.RCC_GetClocksFreq  stm32f10x_rcc.o
    0x08001ccc   0x000000b8   Code   RO         1598    i.SetSysClock_PLL_HSE  system_stm32f10x.o
    0x08001d84   0x00000054   Code   RO         1933    i.Set_GPIO_Clock    mbed.ar(pinmap.o)
    0x08001dd8   0x00000070   Code   RO         1600    i.SystemCoreClockUpdate  system_stm32f10x.o
    0x08001e48   0x000000c4   Code   RO         1601    i.SystemInit        system_stm32f10x.o
    0x08001f0c   0x00000006   Code   RO          625    i.TIM_ClearITPendingBit  stm32f10x_tim.o
    0x08001f12   0x00000012   Code   RO          630    i.TIM_Cmd           stm32f10x_tim.o
    0x08001f24   0x00000016   Code   RO          651    i.TIM_GetITStatus   stm32f10x_tim.o
    0x08001f3a   0x00000010   Code   RO          655    i.TIM_ITConfig      stm32f10x_tim.o
    0x08001f4a   0x00000004   Code   RO          691    i.TIM_SetCompare1   stm32f10x_tim.o
    0x08001f4e   0x00000002   PAD
    0x08001f50   0x0000009c   Code   RO          701    i.TIM_TimeBaseInit  stm32f10x_tim.o
    0x08001fec   0x00000012   Code   RO          702    i.TIM_TimeBaseStructInit  stm32f10x_tim.o
    0x08001ffe   0x00000012   Code   RO         1227    i.USART_Cmd         stm32f10x_usart.o
    0x08002010   0x0000000e   Code   RO         1230    i.USART_GetFlagStatus  stm32f10x_usart.o
    0x0800201e   0x00000002   PAD
    0x08002020   0x000000b4   Code   RO         1234    i.USART_Init        stm32f10x_usart.o
    0x080020d4   0x00000008   Code   RO         1244    i.USART_SendData    stm32f10x_usart.o
    0x080020dc   0x0000001a   Code   RO          369    i._ZN4mbed10DigitalOutC1E7PinName  epd.o
    0x080020f6   0x00000016   Code   RO          363    i._ZN4mbed10DigitalOutaSEi  epd.o
    0x0800210c   0x00000030   Code   RO          505    i._ZN4mbed10FileHandleD2Ev  retarget.o
    0x0800213c   0x0000000e   Code   RO         1799    i._ZN4mbed10SerialBase10_base_putcEi  mbed.ar(SerialBase.o)
    0x0800214a   0x0000000e   Code   RO         1801    i._ZN4mbed10SerialBase12_irq_handlerEj9SerialIrq  mbed.ar(SerialBase.o)
    0x08002158   0x00000010   Code   RO         1802    i._ZN4mbed10SerialBase4baudEi  mbed.ar(SerialBase.o)
    0x08002168   0x00000054   Code   RO         1807    i._ZN4mbed10SerialBaseC1E7PinNameS1_  mbed.ar(SerialBase.o)
    0x080021bc   0x00000018   Code   RO         2027    i._ZN4mbed15FunctionPointer4callEv  mbed.ar(FunctionPointer.o)
    0x080021d4   0x0000000a   Code   RO         2029    i._ZN4mbed15FunctionPointerC1EPFvvE  mbed.ar(FunctionPointer.o)
    0x080021de   0x00000002   PAD
    0x080021e0   0x00000024   Code   RO         1755    i._ZN4mbed6SerialC1E7PinNameS1_PKc  mbed.ar(Serial.o)
    0x08002204   0x0000000c   Code   RO         1773    i._ZN4mbed6SerialD1Ev  mbed.ar(Serial.o)
    0x08002210   0x00000018   Code   RO         1845    i._ZN4mbed6Stream4putcEi  mbed.ar(Stream.o)
    0x08002228   0x00000004   Code   RO         1848    i._ZN4mbed6Stream5closeEv  mbed.ar(Stream.o)
    0x0800222c   0x00000004   Code   RO         1849    i._ZN4mbed6Stream5fsyncEv  mbed.ar(Stream.o)
    0x08002230   0x00000004   Code   RO         1850    i._ZN4mbed6Stream5lseekEli  mbed.ar(Stream.o)
    0x08002234   0x0000002a   Code   RO         1852    i._ZN4mbed6Stream5writeEPKvj  mbed.ar(Stream.o)
    0x0800225e   0x00000002   PAD
    0x08002260   0x00000044   Code   RO         1855    i._ZN4mbed6StreamC2EPKc  mbed.ar(Stream.o)
    0x080022a4   0x00000020   Code   RO         1857    i._ZN4mbed6StreamD2Ev  mbed.ar(Stream.o)
    0x080022c4   0x00000004   Code   RO         1999    i._ZN4mbed8FileBase11getPathTypeEv  mbed.ar(FileBase.o)
    0x080022c8   0x00000038   Code   RO         2001    i._ZN4mbed8FileBase6lookupEPKcj  mbed.ar(FileBase.o)
    0x08002300   0x00000024   Code   RO         2003    i._ZN4mbed8FileBaseC1EPKcNS_8PathTypeE  mbed.ar(FileBase.o)
    0x08002324   0x00000038   Code   RO         2005    i._ZN4mbed8FileBaseD1Ev  mbed.ar(FileBase.o)
    0x0800235c   0x00000024   Code   RO         1976    i._ZN4mbed8FileLikeC2EPKc  mbed.ar(FileLike.o)
    0x08002380   0x00000012   Code   RO         1978    i._ZN4mbed8FileLikeD2Ev  mbed.ar(FileLike.o)
    0x08002392   0x00000018   Code   RO         1668    i._ZN4mbed8FilePath10fileSystemEv  mbed.ar(FilePath.o)
    0x080023aa   0x0000001c   Code   RO         1670    i._ZN4mbed8FilePath4fileEv  mbed.ar(FilePath.o)
    0x080023c6   0x0000000a   Code   RO         1671    i._ZN4mbed8FilePath6existsEv  mbed.ar(FilePath.o)
    0x080023d0   0x00000018   Code   RO         1672    i._ZN4mbed8FilePath6isFileEv  mbed.ar(FilePath.o)
    0x080023e8   0x00000004   Code   RO         1673    i._ZN4mbed8FilePath8fileNameEv  mbed.ar(FilePath.o)
    0x080023ec   0x00000040   Code   RO         1674    i._ZN4mbed8FilePathC1EPKc  mbed.ar(FilePath.o)
    0x0800242c   0x00000006   Code   RO         1757    i._ZThn92_N4mbed6Serial5_putcEi  mbed.ar(Serial.o)
    0x08002432   0x00000002   PAD
    0x08002434   0x0000001c   Code   RO         2507    i.__0fprintf        mc_w.l(printfa.o)
    0x08002450   0x00000028   Code   RO         2510    i.__0sprintf        mc_w.l(printfa.o)
    0x08002478   0x00000018   Code   RO         2511    i.__0vfprintf       mc_w.l(printfa.o)
    0x08002490   0x00000032   Code   RO         2083    i.__aeabi_atexit    cpprt_w.l(aeabi_atexit.o)
    0x080024c2   0x00000022   Code   RO         2086    i.__aeabi_vec_ctor_nocookie_nodtor  cpprt_w.l(aeabi_vec_ctor_nocookie_nodtor.o)
    0x080024e4   0x00000042   Code   RO         2569    i.__cxa_finalize    cpprt_w.l(cxa_finalize.o)
    0x08002526   0x00000006   Code   RO         2080    i.__cxa_pure_virtual  cpprt_w.l(pure_virt.o)
    0x0800252c   0x0000000e   Code   RO         2733    i.__scatterload_copy  mc_w.l(handlers.o)
    0x0800253a   0x00000002   Code   RO         2734    i.__scatterload_null  mc_w.l(handlers.o)
    0x0800253c   0x0000000e   Code   RO         2735    i.__scatterload_zeroinit  mc_w.l(handlers.o)
    0x0800254a   0x00000006   Code   RO         2231    i._fclose$full      mc_w.l(fclose_f.o)
    0x08002550   0x00000028   Code   RO         2227    i._fopen$full       mc_w.l(fopen_f.o)
    0x08002578   0x0000015c   Code   RO         2515    i._fp_digits        mc_w.l(printfa.o)
    0x080026d4   0x0000005e   Code   RO         2228    i._freopen$full     mc_w.l(fopen_f.o)
    0x08002732   0x00000002   PAD
    0x08002734   0x000006f0   Code   RO         2516    i._printf_core      mc_w.l(printfa.o)
    0x08002e24   0x00000026   Code   RO         2517    i._printf_post_padding  mc_w.l(printfa.o)
    0x08002e4a   0x00000030   Code   RO         2518    i._printf_pre_padding  mc_w.l(printfa.o)
    0x08002e7a   0x0000000a   Code   RO         2520    i._sputc            mc_w.l(printfa.o)
    0x08002e84   0x0000002c   Code   RO          506    i._sys_close        retarget.o
    0x08002eb0   0x00000028   Code   RO          508    i._sys_ensure       retarget.o
    0x08002ed8   0x000000e4   Code   RO          511    i._sys_open         retarget.o
    0x08002fbc   0x00000028   Code   RO          513    i._sys_seek         retarget.o
    0x08002fe4   0x00000060   Code   RO          514    i._sys_write        retarget.o
    0x08003044   0x000000bc   Code   RO         1615    i.analogin_init     mbed.ar(analogin_api.o)
    0x08003100   0x00000018   Code   RO         2050    i.error             mbed.ar(error.o)
    0x08003118   0x00000020   Code   RO         2069    i.exit              mbed.ar(exit.o)
    0x08003138   0x00000050   Code   RO         2605    i.free              mc_w.l(malloc.o)
    0x08003188   0x00000054   Code   RO         1944    i.gpio_dir          mbed.ar(gpio_api.o)
    0x080031dc   0x0000003e   Code   RO         1945    i.gpio_init         mbed.ar(gpio_api.o)
    0x0800321a   0x00000002   PAD
    0x0800321c   0x00000044   Code   RO         1915    i.gpio_init_out     mbed.ar(gpio.o)
    0x08003260   0x00000008   Code   RO         1946    i.gpio_mode         mbed.ar(gpio_api.o)
    0x08003268   0x0000006c   Code   RO         2606    i.malloc            mc_w.l(malloc.o)
    0x080032d4   0x00000050   Code   RO         1906    i.mbed_assert_internal  mbed.ar(assert.o)
    0x08003324   0x00000010   Code   RO         1013    i.mbed_die          board.o
    0x08003334   0x00000002   Code   RO          516    i.mbed_main         retarget.o
    0x08003336   0x00000004   Code   RO         1217    i.mbed_sdk_init     mbed_overrides.o
    0x0800333a   0x00000002   PAD
    0x0800333c   0x00000100   Code   RO         1934    i.pin_function      mbed.ar(pinmap.o)
    0x0800343c   0x000000f8   Code   RO         1935    i.pin_mode          mbed.ar(pinmap.o)
    0x08003534   0x00000038   Code   RO         2039    i.pinmap_merge      mbed.ar(pinmap_common.o)
    0x0800356c   0x0000005c   Code   RO         2040    i.pinmap_peripheral  mbed.ar(pinmap_common.o)
    0x080035c8   0x00000058   Code   RO         2041    i.pinmap_pinout     mbed.ar(pinmap_common.o)
    0x08003620   0x00000062   Code   RO         1627    i.serial_baud       mbed.ar(serial_api.o)
    0x08003682   0x00000002   PAD
    0x08003684   0x0000015c   Code   RO         1634    i.serial_init       mbed.ar(serial_api.o)
    0x080037e0   0x00000018   Code   RO         1635    i.serial_irq_handler  mbed.ar(serial_api.o)
    0x080037f8   0x00000020   Code   RO         1638    i.serial_putc       mbed.ar(serial_api.o)
    0x08003818   0x0000008c   Code   RO         1958    i.tim_irq_handler   mbed.ar(us_ticker.o)
    0x080038a4   0x0000000c   Code   RO         1959    i.us_ticker_clear_interrupt  mbed.ar(us_ticker.o)
    0x080038b0   0x00000010   Code   RO         1960    i.us_ticker_disable_interrupt  mbed.ar(us_ticker.o)
    0x080038c0   0x00000044   Code   RO         2057    i.us_ticker_irq_handler  mbed.ar(us_ticker_api.o)
    0x08003904   0x000000a4   Code   RO         1962    i.us_ticker_read    mbed.ar(us_ticker.o)
    0x080039a8   0x00000104   Code   RO         1963    i.us_ticker_set_interrupt  mbed.ar(us_ticker.o)
    0x08003aac   0x00000024   Code   RO         1925    i.wait              mbed.ar(wait_api.o)
    0x08003ad0   0x0000001c   Code   RO         1926    i.wait_ms           mbed.ar(wait_api.o)
    0x08003aec   0x00000018   Code   RO         1927    i.wait_us           mbed.ar(wait_api.o)
    0x08003b04   0x00000048   Data   RO            6    .constdata          main.o
    0x08003b4c   0x00000078   Data   RO          346    .constdata          epd.o
    0x08003bc4   0x0000012e   Data   RO         1618    .constdata          mbed.ar(analogin_api.o)
    0x08003cf2   0x00000002   PAD
    0x08003cf4   0x000000f0   Data   RO         1645    .constdata          mbed.ar(serial_api.o)
    0x08003de4   0x00000073   Data   RO         1917    .constdata          mbed.ar(gpio.o)
    0x08003e57   0x00000001   PAD
    0x08003e58   0x000000a0   Data   RO         1936    .constdata          mbed.ar(pinmap.o)
    0x08003ef8   0x00000074   Data   RO         1948    .constdata          mbed.ar(gpio_api.o)
    0x08003f6c   0x00000040   Data   RO         2725    .constdata          mc_w.l(ctype_c.o)
    0x08003fac   0x0000002c   Data   RO          603    .constdata__ZTVN4mbed10FileHandleE  retarget.o
    0x08003fd8   0x00000010   Data   RO         1833    .constdata__ZTVN4mbed10SerialBaseE  mbed.ar(SerialBase.o)
    0x08003fe8   0x0000005c   Data   RO         1771    .constdata__ZTVN4mbed6SerialE  mbed.ar(Serial.o)
    0x08004044   0x00000044   Data   RO         1901    .constdata__ZTVN4mbed6StreamE  mbed.ar(Stream.o)
    0x08004088   0x00000010   Data   RO         2024    .constdata__ZTVN4mbed8FileBaseE  mbed.ar(FileBase.o)
    0x08004098   0x0000003c   Data   RO         1994    .constdata__ZTVN4mbed8FileLikeE  mbed.ar(FileLike.o)
    0x080040d4   0x00000020   Data   RO         2732    Region$$Table       anon$$obj.o
    0x080040f4   0x00000004   Data   RO            8    .init_array         main.o
    0x080040f8   0x00000004   Data   RO          347    .init_array         epd.o


    Execution Region RW_IRAM1 (Base: 0x200000ec, Size: 0x000007ac, Max: 0x00004f14, ABSOLUTE)

    Base Addr    Size         Type   Attr      Idx    E Section Name        Object

    0x200000ec   0x00000008   Data   RW            7    .data               main.o
    0x200000f4   0x00000014   Data   RW          466    .data               stm32f10x_rcc.o
    0x20000108   0x00000004   Data   RW          557    .data               retarget.o
    0x2000010c   0x00000014   Data   RW         1602    .data               system_stm32f10x.o
    0x20000120   0x00000004   Data   RW         1619    .data               mbed.ar(analogin_api.o)
    0x20000124   0x00000008   Data   RW         1646    .data               mbed.ar(serial_api.o)
    0x2000012c   0x00000010   Data   RW         1964    .data               mbed.ar(us_ticker.o)
    0x2000013c   0x00000004   Data   RW         2013    .data               mbed.ar(FileBase.o)
    0x20000140   0x00000008   Data   RW         2060    .data               mbed.ar(us_ticker_api.o)
    0x20000148   0x00000004   Data   RW         2653    .data               mc_w.l(cpp_dtor.o)
    0x2000014c   0x00000004   Data   RW         2707    .data               mc_w.l(mvars.o)
    0x20000150   0x00000004   Data   RW         2708    .data               mc_w.l(mvars.o)
    0x20000154   0x00000014   Zero   RW            5    .bss                main.o
    0x20000168   0x0000029c   Zero   RW          345    .bss                epd.o
    0x20000404   0x00000040   Zero   RW          553    .bss                retarget.o
    0x20000444   0x00000028   Zero   RW         1644    .bss                mbed.ar(serial_api.o)
    0x2000046c   0x00000014   Zero   RW         2257    .bss                mc_w.l(stdout_f.o)
    0x20000480   0x00000014   Zero   RW         2258    .bss                mc_w.l(stderr_f.o)
    0x20000494   0x00000004   PAD
    0x20000498   0x00000400   Zero   RW          611    HEAP                startup_stm32f10x_md.o


==============================================================================

Image component sizes


      Code (inc. data)   RO Data    RW Data    ZI Data      Debug   Object Name

        16          0          0          0          0         72   board.o
       108          6          0          0          0         84   cmsis_nvic.o
      2000         98        124          0        668      15653   epd.o
      1092        228         76          8         20     220869   main.o
         4          0          0          0          0         68   mbed_overrides.o
       516         54         44          4         64        616   retarget.o
        36          8        236          0       1024        228   startup_stm32f10x_md.o
       146          6          0          0          0        408   stm32f10x_adc.o
       278          6          0          0          0        188   stm32f10x_gpio.o
       240         38          0         20          0        284   stm32f10x_rcc.o
       240          8          0          0          0        488   stm32f10x_tim.o
       220          6          0          0          0        288   stm32f10x_usart.o
       492         50          0         20          0        224   system_stm32f10x.o

    ----------------------------------------------------------------------
      5398        508        512         52       1776     239470   Object Totals
         0          0         32          0          0          0   (incl. Generated)
        10          0          0          0          0          0   (incl. Padding)

    ----------------------------------------------------------------------

      Code (inc. data)   RO Data    RW Data    ZI Data      Debug   Library Member Name

        50          0          0          0          0         84   aeabi_atexit.o
        34          0          0          0          0         84   aeabi_vec_ctor_nocookie_nodtor.o
        66          0          0          0          0         84   cxa_finalize.o
         6          0          0          0          0         68   pure_virt.o
       152         24         16          4          0        284   FileBase.o
        54         10         60          0          0        156   FileLike.o
       154          0          0          0          0        440   FilePath.o
        34          0          0          0          0        136   FunctionPointer.o
        54          4         92          0          0        220   Serial.o
       134         12         16          0          0        372   SerialBase.o
       178         18         68          0          0        540   Stream.o
       188         38        302          4          0         92   analogin_api.o
        80         56          0          0          0         80   assert.o
        24          4          0          0          0         80   error.o
        32          8          0          0          0         72   exit.o
        68          4        115          0          0         88   gpio.o
       154         28        116          0          0        244   gpio_api.o
       588        124        160          0          0        248   pinmap.o
       236         78          0          0          0        240   pinmap_common.o
       502         64        240          8         40        340   serial_api.o
       592         78          0         16          0        420   us_ticker.o
        68          6          0          8          0         88   us_ticker_api.o
        88          4          0          0          0        240   wait_api.o
        56          8          0          0          0         84   __0sscanf.o
        28          0          0          0          0         68   _chval.o
       812          6          0          0          0        112   _scanf.o
       336          0          0          0          0         96   _scanf_int.o
        64          0          0          0          0         84   _sgetc.o
         8          4          0          4          0         68   cpp_dtor.o
         2          0          0          0          0         68   cpp_final.o
        32         10          0          0          0         80   cpp_init.o
         2          0          0          0          0         68   cpp_signal.o
        40          6         64          0          0         68   ctype_c.o
         0          0          0          0          0          0   entry.o
         0          0          0          0          0          0   entry10a.o
         0          0          0          0          0          0   entry11a.o
         8          4          0          0          0          0   entry2.o
         4          0          0          0          0          0   entry5.o
         4          0          0          0          0          0   entry6b.o
         0          0          0          0          0          0   entry7b.o
         4          0          0          0          0          0   entry8a.o
         0          0          0          0          0          0   entry8b.o
         8          4          0          0          0          0   entry9a.o
         6          0          0          0          0         68   fclose_f.o
        38          0          0          0          0         80   fflush_fe.o
       134          0          0          0          0        172   fopen_f.o
        40          0          0          0          0         80   fputc_fp.o
        30          0          0          0          0          0   handlers.o
        36          8          0          0          0         68   init.o
        32         12          0          0          0         72   initio_oe.o
        10          0          0          0          0         68   isspace_c.o
         0          0          0          0          0          0   iusefp.o
        30          0          0          0          0         68   llshl.o
        36          0          0          0          0         68   llsshr.o
        32          0          0          0          0         68   llushr.o
       188         20          0          0          0        160   malloc.o
        64          0          0          0          0         76   memmovea.o
        36          0          0          0          0        108   memseta.o
         0          0          0          8          0          0   mvars.o
      2312         96          0          0          0        676   printfa.o
        40          8          0          0          0         84   scanf_char.o
         0          0          0          0         20          0   stderr_f.o
         0          0          0          0         20          0   stdout_f.o
        28          0          0          0          0         76   strcmp.o
        18          0          0          0          0         68   strcpy.o
        14          0          0          0          0         68   strlen.o
        30          0          0          0          0         80   strncmp.o
        44          0          0          0          0         80   uidiv.o
        98          0          0          0          0         92   uldiv.o
        40          2          0          0          0         68   cdrcmple.o
       334          0          0          0          0        148   dadd.o
       222          0          0          0          0        100   ddiv.o
       190          0          0          0          0        176   depilogue.o
        48          0          0          0          0         68   dfixul.o
       228          0          0          0          0         96   dmul.o
        50          0          0          0          0         68   ffixi.o
       108          0          0          0          0         76   fmul.o

    ----------------------------------------------------------------------
      9474        748       1252         52         84       8676   Library Totals
        14          0          3          0          4          0   (incl. Padding)

    ----------------------------------------------------------------------

      Code (inc. data)   RO Data    RW Data    ZI Data      Debug   Library Name

       156          0          0          0          0        320   cpprt_w.l
      3380        560       1185         40         40       4380   mbed.ar
      4704        186         64         12         40       3176   mc_w.l
      1220          2          0          0          0        800   mf_w.l

    ----------------------------------------------------------------------
      9474        748       1252         52         84       8676   Library Totals

    ----------------------------------------------------------------------

==============================================================================


      Code (inc. data)   RO Data    RW Data    ZI Data      Debug   

     14872       1256       1764        104       1860     240658   Grand Totals
     14872       1256       1764        104       1860     240658   ELF Image Totals
     14872       1256       1764        104          0          0   ROM Totals

==============================================================================

    Total RO  Size (Code + RO Data)                16636 (  16.25kB)
    Total RW  Size (RW Data + ZI Data)              1964 (   1.92kB)
    Total ROM Size (Code + RO Data + RW Data)      16740 (  16.35kB)

==============================================================================

