<html>
<body>
<pre>
<h1>礦ision Build Log</h1>
<h2>Project:</h2>
E:\PCB\MODULE\02 EPD\转产文件\02 原理设计阶段\SRC\Debug\EPD V0.0.3\Project\mdk.uvproj
Project File Date:  01/26/2015

<h2>Output:</h2>
Build target 'mdk'
compiling main.c...
linking...
Program Size: Code=5276 RO-data=396 RW-data=44 ZI-data=20676  
FromELF: creating hex file...
".\Debug\obj\epd.axf" - 0 Error(s), 0 Warning(s).
Load "E:\\PCB\\MODULE\\02 EPD\\转产文件\\02 原理设计阶段\\SRC\\Debug\\EPD V0.0.3\\Project\\Debug\\obj\\epd.axf" 
Erase Done.
Programming Done.
Verify OK.
Application running ...
</pre>
</body>
</html>
(s), 0 Warning(s).
compiling Uart.c...
"..\User\Uart.c" - 0 Error(s), 0 Warning(s).
compiling Uart.c...
"..\User\Uart.c" - 0 Error(s), 0 Warning(s).
